====================================================================================================
MEDRAG EXECUTION TRACE
Started:  2026-08-23T16:05:09
Events:   97
Duration: 106040 ms (106.0s)
====================================================================================================

[   1] [2026-08-23T16:06:27.989]  + 78922.6ms  (       —)  EXPAND_PLAN
        ┌─── REQUEST ───────────────────────────────────────────
        │ url: https://preliminary-enters-beside-prep.trycloudflare.com
        └──────────────────────────────────────────────────────
        ┌─── RESPONSE ──────────────────────────────────────────
        │ method: expand+plan
        │ n_requirements: 4
        │ n_queries: 9
        │ conditions: ['recurrent coarctation']
        │ populations: []
        │ warnings: ["Terminology guard: original term 'surgical techniques' not found in any requirement text"]
        └──────────────────────────────────────────────────────

[   2] [2026-08-23T16:06:27.989]  + 78922.7ms  ( 71891.0 ms)  PLANNER
        ┌─── REQUEST ───────────────────────────────────────────
        │ query: Which surgical repair techniques were associated with recurrent coarctation and what are the percentages and p-values?
        │ question_type: comparative_evidence
        └──────────────────────────────────────────────────────
        ┌─── RESPONSE ──────────────────────────────────────────
        │ conditions: ['recurrent coarctation']
        │ populations: []
        │ target: surgical repair techniques
        │ requirements: [{'id': 'H1', 'topic': 'Specific surgical repair techniques used for coarctation.', 'population': '', 'target': 'surgical repair techniques', 'focus': 'evidence', 'outcome': '', 'required_concepts': ['surgical repair', 'repair techniques'], 'preferred_evidence_types': ['paragraph', 'table_row', 'tab
        │ requirements:     ... [1915 chars truncated] ...
        │ requirements:      ['percentage'], 'terms': [{'original_term': 'recurrence', 'canonical_term': 'recurrence', 'synonyms': []}, {'original_term': 'percentage', 'canonical_term': 'percentage', 'synonyms': []}], 'hop_label': 'Percentages of recurrence for each technique or comparison.', 'comparison': False, 'n_hops': 4}]
        │ queries: [{'id': 'q1', 'requirement_ids': ['H1'], 'text': 'Surgical repair techniques for coarctation of the aorta recurrence rates', 'intended_population': '', 'intended_outcome': '', 'branch': 'hybrid'}, {'id': 'q2', 'requirement_ids': ['H2'], 'text': 'Coarctation of aorta repair recurrence percentages p-v
        │ queries:     ... [1199 chars truncated] ...
        │ queries:     on', 'intended_population': '', 'intended_outcome': 'clinical outcomes', 'branch': 'hybrid'}, {'id': 'q9', 'requirement_ids': ['H1'], 'text': 'Reoperation for coarctation of the aorta recurrence rates p-values', 'intended_population': '', 'intended_outcome': 'clinical outcomes', 'branch': 'hybrid'}]
        │ terminology_guard: {
        │ terminology_guard: "concepts_detected": [
        │ terminology_guard: {
        │ terminology_guard: "original": "coarctation of aorta",
        │ terminology_guard: "preserved": true
        │ terminology_guard: },
        │ terminology_guard: {
        │ terminology_guard: "original": "surgical repair",
        │ terminology_guard: "preserved": true
        │ terminology_guard: },
        │ terminology_guard: {
        │ terminology_guard: "original": "recurrence",
        │ terminology_guard: "preserved": true
        │ terminology_guard: },
        │ terminology_guard: {
        │ terminology_guard: "original": "surgical techniques",
        │ terminology_guard: "preserved": false
        │ terminology_guard: },
        │ terminology_guard: {
        │ terminology_guard: "original": "p-value",
        │ terminology_guard: "preserved": true
        │ terminology_guard: },
        │ terminology_guard: {
        │ terminology_guard: "original": "percentage",
        │ terminology_guard: "preserved": true
        │ terminology_guard: }
        │ terminology_guard: ],
        │ terminology_guard: "preserved": [
        │ terminology_guard: "coarctation of aorta",
        │ terminology_guard: "surgical repair",
        │ terminology_guard: "recurrence",
        │ terminology_guard: "p-value",
        │ terminology_guard: "percentage"
        │ terminology_guard: ],
        │ terminology_guard: "violations": [
        │ terminology_guard: "surgical techniques"
        │ terminology_guard: ],
        │ terminology_guard: "note": "Medical terms are never silently replaced by different concepts. Synonyms may be added for search only."
        │ terminology_guard: }
        └──────────────────────────────────────────────────────

[   3] [2026-08-23T16:06:27.989]  + 78922.7ms  (       —)  q1_retrieval_start
        ┌─── REQUEST ───────────────────────────────────────────
        │ query_id: q1
        │ requirement_ids: ['H1']
        │ text: Surgical repair techniques for coarctation of the aorta recurrence rates
        │ bm25_depth: 100
        │ dense_depth: 100
        └──────────────────────────────────────────────────────

[   4] [2026-08-23T16:06:37.399]  + 88332.4ms  (       —)  q1_retrieval_done
        ┌─── REQUEST ───────────────────────────────────────────
        │ query_id: q1
        └──────────────────────────────────────────────────────
        ┌─── RESPONSE ──────────────────────────────────────────
        │ n_events: 200
        │ bm25_events: 100
        │ dense_events: 100
        │ n_fused: 186
        │ n_papers: 89
        │ top10: [{'chunk_id': 'PMC11743609_0', 'paper_id': 'PMC11743609', 'rrf_score': 0.031545, 'rank': 1, 'methods': ['bm25', 'dense']}, {'chunk_id': 'PMC12009809_7', 'paper_id': 'PMC12009809', 'rrf_score': 0.028446, 'rank': 2, 'methods': ['bm25', 'dense']}, {'chunk_id': 'PMC12014972_3', 'paper_id': 'PMC12014972'
        │ top10:     ... [666 chars truncated] ...
        │ top10:     , 'methods': ['bm25', 'dense']}, {'chunk_id': 'PMC11697624_3', 'paper_id': 'PMC11697624', 'rrf_score': 0.020066, 'rank': 9, 'methods': ['bm25', 'dense']}, {'chunk_id': 'PMC11970464_TB0920247337pcc-1_row_10', 'paper_id': 'PMC11970464', 'rrf_score': 0.020032, 'rank': 10, 'methods': ['bm25', 'dense']}]
        └──────────────────────────────────────────────────────

[   5] [2026-08-23T16:06:37.399]  + 88332.4ms  (       —)  q2_retrieval_start
        ┌─── REQUEST ───────────────────────────────────────────
        │ query_id: q2
        │ requirement_ids: ['H2']
        │ text: Coarctation of aorta repair recurrence percentages p-values
        │ bm25_depth: 100
        │ dense_depth: 100
        └──────────────────────────────────────────────────────

[   6] [2026-08-23T16:06:39.924]  + 90857.1ms  (       —)  q2_retrieval_done
        ┌─── REQUEST ───────────────────────────────────────────
        │ query_id: q2
        └──────────────────────────────────────────────────────
        ┌─── RESPONSE ──────────────────────────────────────────
        │ n_events: 200
        │ bm25_events: 100
        │ dense_events: 100
        │ n_fused: 184
        │ n_papers: 83
        │ top10: [{'chunk_id': 'PMC11743609_0', 'paper_id': 'PMC11743609', 'rrf_score': 0.025774, 'rank': 1, 'methods': ['bm25', 'dense']}, {'chunk_id': 'PMC11970464_TB0920247337pcc-1_row_7', 'paper_id': 'PMC11970464', 'rrf_score': 0.023152, 'rank': 2, 'methods': ['bm25', 'dense']}, {'chunk_id': 'PMC12028424_0', 'pa
        │ top10:     ... [785 chars truncated] ...
        │ top10:     'dense']}, {'chunk_id': 'PMC11997790_ivaf042-T2_row_0', 'paper_id': 'PMC11997790', 'rrf_score': 0.019376, 'rank': 9, 'methods': ['bm25', 'dense']}, {'chunk_id': 'PMC11854409_diagnostics-15-00498-t004_row_3', 'paper_id': 'PMC11854409', 'rrf_score': 0.018637, 'rank': 10, 'methods': ['bm25', 'dense']}]
        └──────────────────────────────────────────────────────

[   7] [2026-08-23T16:06:39.924]  + 90857.1ms  (       —)  q3_retrieval_start
        ┌─── REQUEST ───────────────────────────────────────────
        │ query_id: q3
        │ requirement_ids: ['H3']
        │ text: Recurrent coarctation of the aorta after surgical repair techniques
        │ bm25_depth: 100
        │ dense_depth: 100
        └──────────────────────────────────────────────────────

[   8] [2026-08-23T16:06:42.391]  + 93324.6ms  (       —)  q3_retrieval_done
        ┌─── REQUEST ───────────────────────────────────────────
        │ query_id: q3
        └──────────────────────────────────────────────────────
        ┌─── RESPONSE ──────────────────────────────────────────
        │ n_events: 200
        │ bm25_events: 100
        │ dense_events: 100
        │ n_fused: 184
        │ n_papers: 92
        │ top10: [{'chunk_id': 'PMC11743609_0', 'paper_id': 'PMC11743609', 'rrf_score': 0.032018, 'rank': 1, 'methods': ['bm25', 'dense']}, {'chunk_id': 'PMC12009809_7', 'paper_id': 'PMC12009809', 'rrf_score': 0.027289, 'rank': 2, 'methods': ['bm25', 'dense']}, {'chunk_id': 'PMC11743609_5', 'paper_id': 'PMC11743609'
        │ top10:     ... [666 chars truncated] ...
        │ top10:      'dense']}, {'chunk_id': 'PMC11970464_TB0920247337pcc-1_row_7', 'paper_id': 'PMC11970464', 'rrf_score': 0.021062, 'rank': 9, 'methods': ['bm25', 'dense']}, {'chunk_id': 'PMC11970464_TB0920247337pcc-1_row_10', 'paper_id': 'PMC11970464', 'rrf_score': 0.02041, 'rank': 10, 'methods': ['bm25', 'dense']}]
        └──────────────────────────────────────────────────────

[   9] [2026-08-23T16:06:42.391]  + 93324.7ms  (       —)  q4_retrieval_start
        ┌─── REQUEST ───────────────────────────────────────────
        │ query_id: q4
        │ requirement_ids: ['H4']
        │ text: Coarctation repair restenosis outcomes surgical technique comparison
        │ bm25_depth: 100
        │ dense_depth: 100
        └──────────────────────────────────────────────────────

[  10] [2026-08-23T16:06:44.823]  + 95756.1ms  (       —)  q4_retrieval_done
        ┌─── REQUEST ───────────────────────────────────────────
        │ query_id: q4
        └──────────────────────────────────────────────────────
        ┌─── RESPONSE ──────────────────────────────────────────
        │ n_events: 200
        │ bm25_events: 100
        │ dense_events: 100
        │ n_fused: 199
        │ n_papers: 52
        │ top10: [{'chunk_id': 'PMC11997790_ivaf042-T2_row_0', 'paper_id': 'PMC11997790', 'rrf_score': 0.022496, 'rank': 1, 'methods': ['bm25', 'dense']}, {'chunk_id': 'PMC11828486_7', 'paper_id': 'PMC11828486', 'rrf_score': 0.016393, 'rank': 2, 'methods': ['bm25']}, {'chunk_id': 'PMC11743609_20', 'paper_id': 'PMC11
        │ top10:     ... [612 chars truncated] ...
        │ top10:     rrf_score': 0.015625, 'rank': 8, 'methods': ['dense']}, {'chunk_id': 'PMC11869840_17', 'paper_id': 'PMC11869840', 'rrf_score': 0.015385, 'rank': 9, 'methods': ['bm25']}, {'chunk_id': 'PMC11997790_ivaf042-T2_row_16', 'paper_id': 'PMC11997790', 'rrf_score': 0.015385, 'rank': 10, 'methods': ['dense']}]
        └──────────────────────────────────────────────────────

[  11] [2026-08-23T16:06:44.823]  + 95756.1ms  (       —)  q5_retrieval_start
        ┌─── REQUEST ───────────────────────────────────────────
        │ query_id: q5
        │ requirement_ids: ['H1']
        │ text: Surgical repair techniques for coarctation of the aorta recurrence rates
        │ bm25_depth: 100
        │ dense_depth: 100
        └──────────────────────────────────────────────────────

[  12] [2026-08-23T16:06:44.823]  + 95756.7ms  (       —)  q5_retrieval_done
        ┌─── REQUEST ───────────────────────────────────────────
        │ query_id: q5
        └──────────────────────────────────────────────────────
        ┌─── RESPONSE ──────────────────────────────────────────
        │ n_events: 200
        │ bm25_events: 100
        │ dense_events: 100
        │ n_fused: 186
        │ n_papers: 89
        │ top10: [{'chunk_id': 'PMC11743609_0', 'paper_id': 'PMC11743609', 'rrf_score': 0.031545, 'rank': 1, 'methods': ['bm25', 'dense']}, {'chunk_id': 'PMC12009809_7', 'paper_id': 'PMC12009809', 'rrf_score': 0.028446, 'rank': 2, 'methods': ['bm25', 'dense']}, {'chunk_id': 'PMC12014972_3', 'paper_id': 'PMC12014972'
        │ top10:     ... [666 chars truncated] ...
        │ top10:     , 'methods': ['bm25', 'dense']}, {'chunk_id': 'PMC11697624_3', 'paper_id': 'PMC11697624', 'rrf_score': 0.020066, 'rank': 9, 'methods': ['bm25', 'dense']}, {'chunk_id': 'PMC11970464_TB0920247337pcc-1_row_10', 'paper_id': 'PMC11970464', 'rrf_score': 0.020032, 'rank': 10, 'methods': ['bm25', 'dense']}]
        └──────────────────────────────────────────────────────

[  13] [2026-08-23T16:06:44.823]  + 95756.7ms  (       —)  q6_retrieval_start
        ┌─── REQUEST ───────────────────────────────────────────
        │ query_id: q6
        │ requirement_ids: ['H1']
        │ text: Coarctation of aorta repair recurrence percentages p-values
        │ bm25_depth: 100
        │ dense_depth: 100
        └──────────────────────────────────────────────────────

[  14] [2026-08-23T16:06:44.824]  + 95757.3ms  (       —)  q6_retrieval_done
        ┌─── REQUEST ───────────────────────────────────────────
        │ query_id: q6
        └──────────────────────────────────────────────────────
        ┌─── RESPONSE ──────────────────────────────────────────
        │ n_events: 200
        │ bm25_events: 100
        │ dense_events: 100
        │ n_fused: 184
        │ n_papers: 83
        │ top10: [{'chunk_id': 'PMC11743609_0', 'paper_id': 'PMC11743609', 'rrf_score': 0.025774, 'rank': 1, 'methods': ['bm25', 'dense']}, {'chunk_id': 'PMC11970464_TB0920247337pcc-1_row_7', 'paper_id': 'PMC11970464', 'rrf_score': 0.023152, 'rank': 2, 'methods': ['bm25', 'dense']}, {'chunk_id': 'PMC12028424_0', 'pa
        │ top10:     ... [785 chars truncated] ...
        │ top10:     'dense']}, {'chunk_id': 'PMC11997790_ivaf042-T2_row_0', 'paper_id': 'PMC11997790', 'rrf_score': 0.019376, 'rank': 9, 'methods': ['bm25', 'dense']}, {'chunk_id': 'PMC11854409_diagnostics-15-00498-t004_row_3', 'paper_id': 'PMC11854409', 'rrf_score': 0.018637, 'rank': 10, 'methods': ['bm25', 'dense']}]
        └──────────────────────────────────────────────────────

[  15] [2026-08-23T16:06:44.824]  + 95757.3ms  (       —)  q7_retrieval_start
        ┌─── REQUEST ───────────────────────────────────────────
        │ query_id: q7
        │ requirement_ids: ['H1']
        │ text: Recurrent coarctation of the aorta after surgical repair techniques
        │ bm25_depth: 100
        │ dense_depth: 100
        └──────────────────────────────────────────────────────

[  16] [2026-08-23T16:06:44.824]  + 95757.9ms  (       —)  q7_retrieval_done
        ┌─── REQUEST ───────────────────────────────────────────
        │ query_id: q7
        └──────────────────────────────────────────────────────
        ┌─── RESPONSE ──────────────────────────────────────────
        │ n_events: 200
        │ bm25_events: 100
        │ dense_events: 100
        │ n_fused: 184
        │ n_papers: 92
        │ top10: [{'chunk_id': 'PMC11743609_0', 'paper_id': 'PMC11743609', 'rrf_score': 0.032018, 'rank': 1, 'methods': ['bm25', 'dense']}, {'chunk_id': 'PMC12009809_7', 'paper_id': 'PMC12009809', 'rrf_score': 0.027289, 'rank': 2, 'methods': ['bm25', 'dense']}, {'chunk_id': 'PMC11743609_5', 'paper_id': 'PMC11743609'
        │ top10:     ... [666 chars truncated] ...
        │ top10:      'dense']}, {'chunk_id': 'PMC11970464_TB0920247337pcc-1_row_7', 'paper_id': 'PMC11970464', 'rrf_score': 0.021062, 'rank': 9, 'methods': ['bm25', 'dense']}, {'chunk_id': 'PMC11970464_TB0920247337pcc-1_row_10', 'paper_id': 'PMC11970464', 'rrf_score': 0.02041, 'rank': 10, 'methods': ['bm25', 'dense']}]
        └──────────────────────────────────────────────────────

[  17] [2026-08-23T16:06:44.824]  + 95757.9ms  (       —)  q8_retrieval_start
        ┌─── REQUEST ───────────────────────────────────────────
        │ query_id: q8
        │ requirement_ids: ['H1']
        │ text: Coarctation repair restenosis outcomes surgical technique comparison
        │ bm25_depth: 100
        │ dense_depth: 100
        └──────────────────────────────────────────────────────

[  18] [2026-08-23T16:06:44.826]  + 95759.9ms  (       —)  q8_retrieval_done
        ┌─── REQUEST ───────────────────────────────────────────
        │ query_id: q8
        └──────────────────────────────────────────────────────
        ┌─── RESPONSE ──────────────────────────────────────────
        │ n_events: 200
        │ bm25_events: 100
        │ dense_events: 100
        │ n_fused: 199
        │ n_papers: 52
        │ top10: [{'chunk_id': 'PMC11997790_ivaf042-T2_row_0', 'paper_id': 'PMC11997790', 'rrf_score': 0.022496, 'rank': 1, 'methods': ['bm25', 'dense']}, {'chunk_id': 'PMC11828486_7', 'paper_id': 'PMC11828486', 'rrf_score': 0.016393, 'rank': 2, 'methods': ['bm25']}, {'chunk_id': 'PMC11743609_20', 'paper_id': 'PMC11
        │ top10:     ... [612 chars truncated] ...
        │ top10:     rrf_score': 0.015625, 'rank': 8, 'methods': ['dense']}, {'chunk_id': 'PMC11869840_17', 'paper_id': 'PMC11869840', 'rrf_score': 0.015385, 'rank': 9, 'methods': ['bm25']}, {'chunk_id': 'PMC11997790_ivaf042-T2_row_16', 'paper_id': 'PMC11997790', 'rrf_score': 0.015385, 'rank': 10, 'methods': ['dense']}]
        └──────────────────────────────────────────────────────

[  19] [2026-08-23T16:06:44.826]  + 95759.9ms  (       —)  q9_retrieval_start
        ┌─── REQUEST ───────────────────────────────────────────
        │ query_id: q9
        │ requirement_ids: ['H1']
        │ text: Reoperation for coarctation of the aorta recurrence rates p-values
        │ bm25_depth: 100
        │ dense_depth: 100
        └──────────────────────────────────────────────────────

[  20] [2026-08-23T16:06:47.292]  + 98225.5ms  (       —)  q9_retrieval_done
        ┌─── REQUEST ───────────────────────────────────────────
        │ query_id: q9
        └──────────────────────────────────────────────────────
        ┌─── RESPONSE ──────────────────────────────────────────
        │ n_events: 200
        │ bm25_events: 100
        │ dense_events: 100
        │ n_fused: 192
        │ n_papers: 94
        │ top10: [{'chunk_id': 'PMC11970461_18', 'paper_id': 'PMC11970461', 'rrf_score': 0.026546, 'rank': 1, 'methods': ['bm25', 'dense']}, {'chunk_id': 'PMC11810876_tab1_row_6', 'paper_id': 'PMC11810876', 'rrf_score': 0.020975, 'rank': 2, 'methods': ['bm25', 'dense']}, {'chunk_id': 'PMC11886819_ivaf041-T5_summary'
        │ top10:     ... [659 chars truncated] ...
        │ top10:     9957', 'rrf_score': 0.016393, 'rank': 8, 'methods': ['bm25']}, {'chunk_id': 'PMC11743609_42', 'paper_id': 'PMC11743609', 'rrf_score': 0.016393, 'rank': 9, 'methods': ['dense']}, {'chunk_id': 'PMC11743609_T2_row_16', 'paper_id': 'PMC11743609', 'rrf_score': 0.016129, 'rank': 10, 'methods': ['dense']}]
        └──────────────────────────────────────────────────────

[  21] [2026-08-23T16:06:47.691]  + 98624.2ms  (       —)  q1_paper_aggregation
        ┌─── REQUEST ───────────────────────────────────────────
        │ query_id: q1
        │ requirement_ids: ['H1']
        └──────────────────────────────────────────────────────
        ┌─── RESPONSE ──────────────────────────────────────────
        │ n_papers: 89
        │ top_papers: [{'paper_id': 'PMC11743609', 'score': 0.9081}, {'paper_id': 'PMC12009809', 'score': 0.7967}, {'paper_id': 'PMC12014972', 'score': 0.7111}, {'paper_id': 'PMC11970464', 'score': 0.6174}, {'paper_id': 'PMC11787011', 'score': 0.6129}, {'paper_id': 'PMC12028424', 'score': 0.5829}, {'paper_id': 'PMC11914319', 'score': 0.5466}, {'paper_id': 'PMC11697624', 'score': 0.564}, {'paper_id': 'PMC12055418', 'score': 0.4719}, {'paper_id': 'PMC11770400', 'score': 0.2997}]
        └──────────────────────────────────────────────────────

[  22] [2026-08-23T16:06:47.774]  + 98707.2ms  (       —)  q2_paper_aggregation
        ┌─── REQUEST ───────────────────────────────────────────
        │ query_id: q2
        │ requirement_ids: ['H2']
        └──────────────────────────────────────────────────────
        ┌─── RESPONSE ──────────────────────────────────────────
        │ n_papers: 83
        │ top_papers: [{'paper_id': 'PMC11743609', 'score': 0.8925}, {'paper_id': 'PMC11970464', 'score': 0.7586}, {'paper_id': 'PMC12028424', 'score': 0.6959}, {'paper_id': 'PMC11810876', 'score': 0.6702}, {'paper_id': 'PMC11854409', 'score': 0.7042}, {'paper_id': 'PMC11836792', 'score': 0.6256}, {'paper_id': 'PMC12025643', 'score': 0.5942}, {'paper_id': 'PMC11997790', 'score': 0.5741}, {'paper_id': 'PMC11697624', 'score': 0.4383}, {'paper_id': 'PMC11770400', 'score': 0.3994}]
        └──────────────────────────────────────────────────────

[  23] [2026-08-23T16:06:47.860]  + 98793.2ms  (       —)  q3_paper_aggregation
        ┌─── REQUEST ───────────────────────────────────────────
        │ query_id: q3
        │ requirement_ids: ['H3']
        └──────────────────────────────────────────────────────
        ┌─── RESPONSE ──────────────────────────────────────────
        │ n_papers: 92
        │ top_papers: [{'paper_id': 'PMC11743609', 'score': 0.9031}, {'paper_id': 'PMC12009809', 'score': 0.7514}, {'paper_id': 'PMC12014972', 'score': 0.7279}, {'paper_id': 'PMC12082946', 'score': 0.6249}, {'paper_id': 'PMC12028424', 'score': 0.5991}, {'paper_id': 'PMC11697624', 'score': 0.5785}, {'paper_id': 'PMC11970464', 'score': 0.5389}, {'paper_id': 'PMC11787011', 'score': 0.5689}, {'paper_id': 'PMC11914319', 'score': 0.4524}, {'paper_id': 'PMC12055418', 'score': 0.4636}]
        └──────────────────────────────────────────────────────

[  24] [2026-08-23T16:06:47.912]  + 98845.0ms  (       —)  q4_paper_aggregation
        ┌─── REQUEST ───────────────────────────────────────────
        │ query_id: q4
        │ requirement_ids: ['H4']
        └──────────────────────────────────────────────────────
        ┌─── RESPONSE ──────────────────────────────────────────
        │ n_papers: 52
        │ top_papers: [{'paper_id': 'PMC11997790', 'score': 0.8225}, {'paper_id': 'PMC11828486', 'score': 0.4547}, {'paper_id': 'PMC11743609', 'score': 0.6398}, {'paper_id': 'PMC12034379', 'score': 0.5668}, {'paper_id': 'PMC11747392', 'score': 0.4365}, {'paper_id': 'PMC12009809', 'score': 0.5868}, {'paper_id': 'PMC11869840', 'score': 0.523}, {'paper_id': 'PMC12086954', 'score': 0.45}, {'paper_id': 'PMC11810876', 'score': 0.4033}, {'paper_id': 'PMC11925882', 'score': 0.3882}]
        └──────────────────────────────────────────────────────

[  25] [2026-08-23T16:06:47.999]  + 98932.5ms  (       —)  q5_paper_aggregation
        ┌─── REQUEST ───────────────────────────────────────────
        │ query_id: q5
        │ requirement_ids: ['H1']
        └──────────────────────────────────────────────────────
        ┌─── RESPONSE ──────────────────────────────────────────
        │ n_papers: 89
        │ top_papers: [{'paper_id': 'PMC11743609', 'score': 0.9081}, {'paper_id': 'PMC12009809', 'score': 0.7967}, {'paper_id': 'PMC12014972', 'score': 0.7111}, {'paper_id': 'PMC11970464', 'score': 0.6174}, {'paper_id': 'PMC11787011', 'score': 0.6129}, {'paper_id': 'PMC12028424', 'score': 0.5829}, {'paper_id': 'PMC11914319', 'score': 0.5466}, {'paper_id': 'PMC11697624', 'score': 0.564}, {'paper_id': 'PMC12055418', 'score': 0.4719}, {'paper_id': 'PMC11770400', 'score': 0.2997}]
        └──────────────────────────────────────────────────────

[  26] [2026-08-23T16:06:48.081]  + 99014.6ms  (       —)  q6_paper_aggregation
        ┌─── REQUEST ───────────────────────────────────────────
        │ query_id: q6
        │ requirement_ids: ['H1']
        └──────────────────────────────────────────────────────
        ┌─── RESPONSE ──────────────────────────────────────────
        │ n_papers: 83
        │ top_papers: [{'paper_id': 'PMC11743609', 'score': 0.8925}, {'paper_id': 'PMC11970464', 'score': 0.7586}, {'paper_id': 'PMC12028424', 'score': 0.6959}, {'paper_id': 'PMC11810876', 'score': 0.6702}, {'paper_id': 'PMC11854409', 'score': 0.7042}, {'paper_id': 'PMC11836792', 'score': 0.6256}, {'paper_id': 'PMC12025643', 'score': 0.5942}, {'paper_id': 'PMC11997790', 'score': 0.5741}, {'paper_id': 'PMC11697624', 'score': 0.4383}, {'paper_id': 'PMC11770400', 'score': 0.3994}]
        └──────────────────────────────────────────────────────

[  27] [2026-08-23T16:06:48.171]  + 99104.6ms  (       —)  q7_paper_aggregation
        ┌─── REQUEST ───────────────────────────────────────────
        │ query_id: q7
        │ requirement_ids: ['H1']
        └──────────────────────────────────────────────────────
        ┌─── RESPONSE ──────────────────────────────────────────
        │ n_papers: 92
        │ top_papers: [{'paper_id': 'PMC11743609', 'score': 0.9031}, {'paper_id': 'PMC12009809', 'score': 0.7514}, {'paper_id': 'PMC12014972', 'score': 0.7279}, {'paper_id': 'PMC12082946', 'score': 0.6249}, {'paper_id': 'PMC12028424', 'score': 0.5991}, {'paper_id': 'PMC11697624', 'score': 0.5785}, {'paper_id': 'PMC11970464', 'score': 0.5389}, {'paper_id': 'PMC11787011', 'score': 0.5689}, {'paper_id': 'PMC11914319', 'score': 0.4524}, {'paper_id': 'PMC12055418', 'score': 0.4636}]
        └──────────────────────────────────────────────────────

[  28] [2026-08-23T16:06:48.225]  + 99158.7ms  (       —)  q8_paper_aggregation
        ┌─── REQUEST ───────────────────────────────────────────
        │ query_id: q8
        │ requirement_ids: ['H1']
        └──────────────────────────────────────────────────────
        ┌─── RESPONSE ──────────────────────────────────────────
        │ n_papers: 52
        │ top_papers: [{'paper_id': 'PMC11997790', 'score': 0.8225}, {'paper_id': 'PMC11828486', 'score': 0.4547}, {'paper_id': 'PMC11743609', 'score': 0.6398}, {'paper_id': 'PMC12034379', 'score': 0.5668}, {'paper_id': 'PMC11747392', 'score': 0.4365}, {'paper_id': 'PMC12009809', 'score': 0.5868}, {'paper_id': 'PMC11869840', 'score': 0.523}, {'paper_id': 'PMC12086954', 'score': 0.45}, {'paper_id': 'PMC11810876', 'score': 0.4033}, {'paper_id': 'PMC11925882', 'score': 0.3882}]
        └──────────────────────────────────────────────────────

[  29] [2026-08-23T16:06:48.319]  + 99252.6ms  (       —)  q9_paper_aggregation
        ┌─── REQUEST ───────────────────────────────────────────
        │ query_id: q9
        │ requirement_ids: ['H1']
        └──────────────────────────────────────────────────────
        ┌─── RESPONSE ──────────────────────────────────────────
        │ n_papers: 94
        │ top_papers: [{'paper_id': 'PMC11970461', 'score': 0.8334}, {'paper_id': 'PMC11810876', 'score': 0.6238}, {'paper_id': 'PMC11886819', 'score': 0.5899}, {'paper_id': 'PMC11743609', 'score': 0.7324}, {'paper_id': 'PMC12028424', 'score': 0.5596}, {'paper_id': 'PMC12009809', 'score': 0.5818}, {'paper_id': 'PMC11729957', 'score': 0.4307}, {'paper_id': 'PMC12042973', 'score': 0.3765}, {'paper_id': 'PMC12026150', 'score': 0.3694}, {'paper_id': 'PMC11999763', 'score': 0.3625}]
        └──────────────────────────────────────────────────────

[  30] [2026-08-23T16:06:48.335]  + 99268.2ms  (       —)  paper_selection
        ┌─── REQUEST ───────────────────────────────────────────
        │ n_requirements: 4
        │ top_papers: 12
        │ per_requirement_shortlist: 5
        │ branch_guarantee_top: 2
        └──────────────────────────────────────────────────────
        ┌─── RESPONSE ──────────────────────────────────────────
        │ n_ranked_papers: 203
        │ selected: [{'paper_id': 'PMC11743609', 'score': 1.1274, 'supported': ['H1', 'H2', 'H3', 'H4'], 'reason': 'ranked'}, {'paper_id': 'PMC12009809', 'score': 1.0019, 'supported': ['H1', 'H2', 'H3', 'H4'], 'reason': 'ranked'}, {'paper_id': 'PMC11970464', 'score': 0.9569, 'supported': ['H1', 'H2', 'H3', 'H4'], 'reas
        │ selected:     ... [600 chars truncated] ...
        │ selected:     ranked'}, {'paper_id': 'PMC11854409', 'score': 0.7033, 'supported': ['H1', 'H2'], 'reason': 'ranked'}, {'paper_id': 'PMC11697624', 'score': 0.6915, 'supported': ['H1', 'H2', 'H3'], 'reason': 'ranked'}, {'paper_id': 'PMC11914319', 'score': 0.6804, 'supported': ['H1', 'H3', 'H4'], 'reason': 'ranked'}]
        │ matrix: {
        │ matrix: "PMC11854409": {
        │ matrix: "H1": 0.7516315967143505,
        │ matrix: "H2": 0.7662036614692002,
        │ matrix: "H3": 0.0,
        │ matrix: "H4": 0.0
        │ matrix: },
        │ matrix: "PMC11856853": {
        │ matrix: "H1": 0.2565880052944402,
        │ matrix: "H2": 0.0,
        │ matrix: "H3": 0.06125278406098429,
        │ matrix: "H4": 0.2736465349392102
        │ matrix: },
        │ matrix: "PMC11958706": {
        │ matrix: "H1": 0.2082082993830006,
        │ matrix: "H2": 0.07499322980177814,
        │ matrix: "H3": 0.18532194844640434,
        │ matrix:     ... [18898 chars truncated] ...
        │ matrix:     ": 0.0,
        │ matrix: "H3": 0.12786272505643653,
        │ matrix: "H4": 0.0
        │ matrix: },
        │ matrix: "PMC12061138": {
        │ matrix: "H1": 0.3345594749402342,
        │ matrix: "H2": 0.03283171170560252,
        │ matrix: "H3": 0.0615729772704475,
        │ matrix: "H4": 0.3622554923576533
        │ matrix: },
        │ matrix: "PMC11931017": {
        │ matrix: "H1": 0.24400986000475786,
        │ matrix: "H2": 0.1880329887444296,
        │ matrix: "H3": 0.18801247713849945,
        │ matrix: "H4": 0.0038284991563779995
        │ matrix: }
        │ matrix: }
        └──────────────────────────────────────────────────────

[  31] [2026-08-23T16:06:48.335]  + 99268.4ms  (    15.0 ms)  PAPER_SELECTION
        ┌─── REQUEST ───────────────────────────────────────────
        │ n_requirements: 4
        │ top_papers: 12
        └──────────────────────────────────────────────────────
        ┌─── RESPONSE ──────────────────────────────────────────
        │ selected: [{'paper_id': 'PMC11743609', 'paper_score': 1.127357, 'supported_requirements': ['H1', 'H2', 'H3', 'H4'], 'query_branches': ['q1', 'q2', 'q3', 'q4', 'q5', 'q6', 'q7', 'q8', 'q9'], 'best_chunks': ['PMC11743609_0', 'PMC11743609_5', 'PMC11743609_42', 'PMC11743609_27', 'PMC11743609_T2_row_16'], 'section
        │ selected:     ... [6064 chars truncated] ...
        │ selected:     11914319_3', 'PMC11914319_2', 'PMC11914319_3', 'PMC11914319_10'], 'sections': ['Abstract', 'Discussion', 'Key Points'], 'evidence_types': ['list', 'paragraph'], 'per_requirement_scores': {'H1': 0.5597, 'H2': 0.152, 'H3': 0.4388, 'H4': 0.2293}, 'reason': 'ranked', 'bridge': True, 'guarantee': False}]
        └──────────────────────────────────────────────────────

[  32] [2026-08-23T16:06:48.760]  + 99693.6ms  (       —)  local_evidence_boost
        ┌─── REQUEST ───────────────────────────────────────────
        │ paper_id: PMC11743609
        │ requirement_id: H1
        │ focus: evidence
        └──────────────────────────────────────────────────────
        ┌─── RESPONSE ──────────────────────────────────────────
        │ boosted: ['PMC11743609_T2_row_16', 'PMC11743609_T2_row_10', 'PMC11743609_F5']
        └──────────────────────────────────────────────────────

[  33] [2026-08-23T16:06:53.613]  +104546.6ms  (       —)  local_search_PMC11743609_H1
        ┌─── REQUEST ───────────────────────────────────────────
        │ paper_id: PMC11743609
        │ requirement_id: H1
        │ query: Surgical repair techniques for coarctation of the aorta recurrence rates
        │ n_paper_chunks: 108
        └──────────────────────────────────────────────────────
        ┌─── RESPONSE ──────────────────────────────────────────
        │ bm25_hits: 40
        │ dense_hits: 60
        │ fused: 68
        │ candidates: 20
        │ top: [{'chunk_id': 'PMC11743609_42', 'type': 'paragraph', 'rank': 1}, {'chunk_id': 'PMC11743609_0', 'type': 'paragraph', 'rank': 2}, {'chunk_id': 'PMC11743609_T2_row_12', 'type': 'paragraph', 'rank': 3}, {'chunk_id': 'PMC11743609_T2_row_9', 'type': 'paragraph', 'rank': 4}, {'chunk_id': 'PMC11743609_5', 'type': 'paragraph', 'rank': 5}, {'chunk_id': 'PMC11743609_27', 'type': 'paragraph', 'rank': 6}, {'chunk_id': 'PMC11743609_41', 'type': 'paragraph', 'rank': 7}, {'chunk_id': 'PMC11743609_T2_footnotes', 'type': 'paragraph', 'rank': 8}]
        └──────────────────────────────────────────────────────

[  34] [2026-08-23T16:06:53.698]  +104631.1ms  (       —)  local_evidence_boost
        ┌─── REQUEST ───────────────────────────────────────────
        │ paper_id: PMC12009809
        │ requirement_id: H1
        │ focus: evidence
        └──────────────────────────────────────────────────────
        ┌─── RESPONSE ──────────────────────────────────────────
        │ boosted: ['PMC12009809_F3', 'PMC12009809_T4_row_23', 'PMC12009809_T3_row_8']
        └──────────────────────────────────────────────────────

[  35] [2026-08-23T16:06:53.734]  +104667.2ms  (       —)  local_search_PMC12009809_H1
        ┌─── REQUEST ───────────────────────────────────────────
        │ paper_id: PMC12009809
        │ requirement_id: H1
        │ query: Surgical repair techniques for coarctation of the aorta recurrence rates
        │ n_paper_chunks: 146
        └──────────────────────────────────────────────────────
        ┌─── RESPONSE ──────────────────────────────────────────
        │ bm25_hits: 40
        │ dense_hits: 60
        │ fused: 70
        │ candidates: 22
        │ top: [{'chunk_id': 'PMC12009809_7', 'type': 'paragraph', 'rank': 1}, {'chunk_id': 'PMC12009809_2', 'type': 'paragraph', 'rank': 2}, {'chunk_id': 'PMC12009809_6', 'type': 'paragraph', 'rank': 3}, {'chunk_id': 'PMC12009809_15', 'type': 'paragraph', 'rank': 4}, {'chunk_id': 'PMC12009809_0', 'type': 'paragraph', 'rank': 5}, {'chunk_id': 'PMC12009809_5', 'type': 'paragraph', 'rank': 6}, {'chunk_id': 'PMC12009809_F4', 'type': 'paragraph', 'rank': 7}, {'chunk_id': 'PMC12009809_8', 'type': 'paragraph', 'rank': 8}]
        └──────────────────────────────────────────────────────

[  36] [2026-08-23T16:06:53.796]  +104729.7ms  (       —)  local_evidence_boost
        ┌─── REQUEST ───────────────────────────────────────────
        │ paper_id: PMC11970464
        │ requirement_id: H1
        │ focus: evidence
        └──────────────────────────────────────────────────────
        ┌─── RESPONSE ──────────────────────────────────────────
        │ boosted: ['PMC11970464_TB0920247337pcc-1_row_15', 'PMC11970464_TB0920247337pcc-1_row_12', 'PMC11970464_FI0920247337pcc-1']
        └──────────────────────────────────────────────────────

[  37] [2026-08-23T16:06:53.806]  +104739.5ms  (       —)  local_search_PMC11970464_H1
        ┌─── REQUEST ───────────────────────────────────────────
        │ paper_id: PMC11970464
        │ requirement_id: H1
        │ query: Surgical repair techniques for coarctation of the aorta recurrence rates
        │ n_paper_chunks: 65
        └──────────────────────────────────────────────────────
        ┌─── RESPONSE ──────────────────────────────────────────
        │ bm25_hits: 40
        │ dense_hits: 60
        │ fused: 60
        │ candidates: 19
        │ top: [{'chunk_id': 'PMC11970464_TB0920247337pcc-1_row_7', 'type': 'paragraph', 'rank': 1}, {'chunk_id': 'PMC11970464_TB0920247337pcc-1_row_10', 'type': 'paragraph', 'rank': 2}, {'chunk_id': 'PMC11970464_TB0920247337pcc-1_row_13', 'type': 'paragraph', 'rank': 3}, {'chunk_id': 'PMC11970464_TB0920247337pcc-
        │ top:     ... [84 chars truncated] ...
        │ top:     -1_row_2', 'type': 'paragraph', 'rank': 5}, {'chunk_id': 'PMC11970464_TB0920247337pcc-1_row_8', 'type': 'table_row', 'rank': 6}, {'chunk_id': 'PMC11970464_TB0920247337pcc-1_row_14', 'type': 'table_row', 'rank': 7}, {'chunk_id': 'PMC11970464_TB0920247337pcc-1_row_17', 'type': 'paragraph', 'rank': 8}]
        └──────────────────────────────────────────────────────

[  38] [2026-08-23T16:06:53.869]  +104802.4ms  (       —)  local_evidence_boost
        ┌─── REQUEST ───────────────────────────────────────────
        │ paper_id: PMC11997790
        │ requirement_id: H1
        │ focus: evidence
        └──────────────────────────────────────────────────────
        ┌─── RESPONSE ──────────────────────────────────────────
        │ boosted: ['PMC11997790_ivaf042-T2_row_16', 'PMC11997790_ivaf042-T2_row_15', 'PMC11997790_ivaf042-F1']
        └──────────────────────────────────────────────────────

[  39] [2026-08-23T16:06:53.877]  +104810.8ms  (       —)  local_search_PMC11997790_H1
        ┌─── REQUEST ───────────────────────────────────────────
        │ paper_id: PMC11997790
        │ requirement_id: H1
        │ query: Surgical repair techniques for coarctation of the aorta recurrence rates
        │ n_paper_chunks: 131
        └──────────────────────────────────────────────────────
        ┌─── RESPONSE ──────────────────────────────────────────
        │ bm25_hits: 40
        │ dense_hits: 60
        │ fused: 70
        │ candidates: 21
        │ top: [{'chunk_id': 'PMC11997790_ivaf042-T2_row_0', 'type': 'paragraph', 'rank': 1}, {'chunk_id': 'PMC11997790_0', 'type': 'paragraph', 'rank': 2}, {'chunk_id': 'PMC11997790_4', 'type': 'paragraph', 'rank': 3}, {'chunk_id': 'PMC11997790_21', 'type': 'paragraph', 'rank': 4}, {'chunk_id': 'PMC11997790_25', 'type': 'paragraph', 'rank': 5}, {'chunk_id': 'PMC11997790_2', 'type': 'paragraph', 'rank': 6}, {'chunk_id': 'PMC11997790_ivaf042-T2_row_17', 'type': 'paragraph', 'rank': 7}, {'chunk_id': 'PMC11997790_ivaf042-T2_row_8', 'type': 'paragraph', 'rank': 8}]
        └──────────────────────────────────────────────────────

[  40] [2026-08-23T16:06:53.937]  +104870.8ms  (       —)  local_evidence_boost
        ┌─── REQUEST ───────────────────────────────────────────
        │ paper_id: PMC11810876
        │ requirement_id: H1
        │ focus: evidence
        └──────────────────────────────────────────────────────
        ┌─── RESPONSE ──────────────────────────────────────────
        │ boosted: ['PMC11810876_F2', 'PMC11810876_tab4_row_10', 'PMC11810876_tab5_summary']
        └──────────────────────────────────────────────────────

[  41] [2026-08-23T16:06:53.947]  +104880.2ms  (       —)  local_search_PMC11810876_H1
        ┌─── REQUEST ───────────────────────────────────────────
        │ paper_id: PMC11810876
        │ requirement_id: H1
        │ query: Surgical repair techniques for coarctation of the aorta recurrence rates
        │ n_paper_chunks: 111
        └──────────────────────────────────────────────────────
        ┌─── RESPONSE ──────────────────────────────────────────
        │ bm25_hits: 40
        │ dense_hits: 60
        │ fused: 78
        │ candidates: 28
        │ top: [{'chunk_id': 'PMC11810876_tab1_row_6', 'type': 'paragraph', 'rank': 1}, {'chunk_id': 'PMC11810876_tab1_row_25', 'type': 'paragraph', 'rank': 2}, {'chunk_id': 'PMC11810876_18', 'type': 'paragraph', 'rank': 3}, {'chunk_id': 'PMC11810876_tab1_row_16', 'type': 'paragraph', 'rank': 4}, {'chunk_id': 'PMC11810876_17', 'type': 'paragraph', 'rank': 5}, {'chunk_id': 'PMC11810876_23', 'type': 'paragraph', 'rank': 6}, {'chunk_id': 'PMC11810876_15', 'type': 'paragraph', 'rank': 7}, {'chunk_id': 'PMC11810876_1', 'type': 'paragraph', 'rank': 8}]
        └──────────────────────────────────────────────────────

[  42] [2026-08-23T16:06:54.010]  +104943.3ms  (       —)  local_evidence_boost
        ┌─── REQUEST ───────────────────────────────────────────
        │ paper_id: PMC12028424
        │ requirement_id: H1
        │ focus: evidence
        └──────────────────────────────────────────────────────
        ┌─── RESPONSE ──────────────────────────────────────────
        │ boosted: ['PMC12028424_life-15-00656-t004_row_5', 'PMC12028424_life-15-00656-t004_summary', 'PMC12028424_life-15-00656-f001']
        └──────────────────────────────────────────────────────

[  43] [2026-08-23T16:06:54.019]  +104952.8ms  (       —)  local_search_PMC12028424_H1
        ┌─── REQUEST ───────────────────────────────────────────
        │ paper_id: PMC12028424
        │ requirement_id: H1
        │ query: Surgical repair techniques for coarctation of the aorta recurrence rates
        │ n_paper_chunks: 84
        └──────────────────────────────────────────────────────
        ┌─── RESPONSE ──────────────────────────────────────────
        │ bm25_hits: 40
        │ dense_hits: 60
        │ fused: 67
        │ candidates: 21
        │ top: [{'chunk_id': 'PMC12028424_0', 'type': 'paragraph', 'rank': 1}, {'chunk_id': 'PMC12028424_2', 'type': 'paragraph', 'rank': 2}, {'chunk_id': 'PMC12028424_life-15-00656-t004_row_3', 'type': 'paragraph', 'rank': 3}, {'chunk_id': 'PMC12028424_11', 'type': 'paragraph', 'rank': 4}, {'chunk_id': 'PMC12028424_1', 'type': 'paragraph', 'rank': 5}, {'chunk_id': 'PMC12028424_life-15-00656-t004_row_7', 'type': 'paragraph', 'rank': 6}, {'chunk_id': 'PMC12028424_8', 'type': 'paragraph', 'rank': 7}, {'chunk_id': 'PMC12028424_18', 'type': 'paragraph', 'rank': 8}]
        └──────────────────────────────────────────────────────

[  44] [2026-08-23T16:06:54.073]  +105006.8ms  (       —)  local_evidence_boost
        ┌─── REQUEST ───────────────────────────────────────────
        │ paper_id: PMC11970461
        │ requirement_id: H1
        │ focus: evidence
        └──────────────────────────────────────────────────────
        ┌─── RESPONSE ──────────────────────────────────────────
        │ boosted: ['PMC11970461_TB1120247359pcc-2_row_9', 'PMC11970461_FI1120247359pcc-3', 'PMC11970461_TB1120247359pcc-1_row_2']
        └──────────────────────────────────────────────────────

[  45] [2026-08-23T16:06:54.082]  +105015.2ms  (       —)  local_search_PMC11970461_H1
        ┌─── REQUEST ───────────────────────────────────────────
        │ paper_id: PMC11970461
        │ requirement_id: H1
        │ query: Surgical repair techniques for coarctation of the aorta recurrence rates
        │ n_paper_chunks: 95
        └──────────────────────────────────────────────────────
        ┌─── RESPONSE ──────────────────────────────────────────
        │ bm25_hits: 40
        │ dense_hits: 60
        │ fused: 67
        │ candidates: 21
        │ top: [{'chunk_id': 'PMC11970461_18', 'type': 'paragraph', 'rank': 1}, {'chunk_id': 'PMC11970461_12', 'type': 'paragraph', 'rank': 2}, {'chunk_id': 'PMC11970461_TB1120247359pcc-1_row_7', 'type': 'paragraph', 'rank': 3}, {'chunk_id': 'PMC11970461_26', 'type': 'paragraph', 'rank': 4}, {'chunk_id': 'PMC11970461_24', 'type': 'paragraph', 'rank': 5}, {'chunk_id': 'PMC11970461_TB1120247359pcc-2_footnotes', 'type': 'table_footnotes', 'rank': 6}, {'chunk_id': 'PMC11970461_4', 'type': 'paragraph', 'rank': 7}, {'chunk_id': 'PMC11970461_28', 'type': 'paragraph', 'rank': 8}]
        └──────────────────────────────────────────────────────

[  46] [2026-08-23T16:06:54.145]  +105078.5ms  (       —)  local_search_PMC11787011_H1
        ┌─── REQUEST ───────────────────────────────────────────
        │ paper_id: PMC11787011
        │ requirement_id: H1
        │ query: Surgical repair techniques for coarctation of the aorta recurrence rates
        │ n_paper_chunks: 19
        └──────────────────────────────────────────────────────
        ┌─── RESPONSE ──────────────────────────────────────────
        │ bm25_hits: 19
        │ dense_hits: 19
        │ fused: 19
        │ candidates: 11
        │ top: [{'chunk_id': 'PMC11787011_5', 'type': 'paragraph', 'rank': 1}, {'chunk_id': 'PMC11787011_0', 'type': 'paragraph', 'rank': 2}, {'chunk_id': 'PMC11787011_11', 'type': 'paragraph', 'rank': 3}, {'chunk_id': 'PMC11787011_12', 'type': 'paragraph', 'rank': 4}, {'chunk_id': 'PMC11787011_10', 'type': 'paragraph', 'rank': 5}, {'chunk_id': 'PMC11787011_8', 'type': 'paragraph', 'rank': 6}, {'chunk_id': 'PMC11787011_4', 'type': 'paragraph', 'rank': 7}, {'chunk_id': 'PMC11787011_7', 'type': 'paragraph', 'rank': 8}]
        └──────────────────────────────────────────────────────

[  47] [2026-08-23T16:06:54.209]  +105142.7ms  (       —)  local_search_PMC12082946_H1
        ┌─── REQUEST ───────────────────────────────────────────
        │ paper_id: PMC12082946
        │ requirement_id: H1
        │ query: Surgical repair techniques for coarctation of the aorta recurrence rates
        │ n_paper_chunks: 33
        └──────────────────────────────────────────────────────
        ┌─── RESPONSE ──────────────────────────────────────────
        │ bm25_hits: 33
        │ dense_hits: 33
        │ fused: 33
        │ candidates: 13
        │ top: [{'chunk_id': 'PMC12082946_17', 'type': 'paragraph', 'rank': 1}, {'chunk_id': 'PMC12082946_24', 'type': 'paragraph', 'rank': 2}, {'chunk_id': 'PMC12082946_16', 'type': 'paragraph', 'rank': 3}, {'chunk_id': 'PMC12082946_15', 'type': 'paragraph', 'rank': 4}, {'chunk_id': 'PMC12082946_13', 'type': 'paragraph', 'rank': 5}, {'chunk_id': 'PMC12082946_28', 'type': 'paragraph', 'rank': 6}, {'chunk_id': 'PMC12082946_5', 'type': 'paragraph', 'rank': 7}, {'chunk_id': 'PMC12082946_10', 'type': 'paragraph', 'rank': 8}]
        └──────────────────────────────────────────────────────

[  48] [2026-08-23T16:06:54.285]  +105218.9ms  (       —)  local_evidence_boost
        ┌─── REQUEST ───────────────────────────────────────────
        │ paper_id: PMC11743609
        │ requirement_id: H2
        │ focus: numerical
        └──────────────────────────────────────────────────────
        ┌─── RESPONSE ──────────────────────────────────────────
        │ boosted: ['PMC11743609_T1_row_9', 'PMC11743609_T1_row_12', 'PMC11743609_F5']
        └──────────────────────────────────────────────────────

[  49] [2026-08-23T16:06:54.292]  +105225.1ms  (       —)  local_search_PMC11743609_H2
        ┌─── REQUEST ───────────────────────────────────────────
        │ paper_id: PMC11743609
        │ requirement_id: H2
        │ query: Coarctation of aorta repair recurrence percentages p-values
        │ n_paper_chunks: 108
        └──────────────────────────────────────────────────────
        ┌─── RESPONSE ──────────────────────────────────────────
        │ bm25_hits: 40
        │ dense_hits: 60
        │ fused: 70
        │ candidates: 24
        │ top: [{'chunk_id': 'PMC11743609_T2_row_12', 'type': 'paragraph', 'rank': 1}, {'chunk_id': 'PMC11743609_42', 'type': 'paragraph', 'rank': 2}, {'chunk_id': 'PMC11743609_T2_row_16', 'type': 'paragraph', 'rank': 3}, {'chunk_id': 'PMC11743609_T2_row_9', 'type': 'paragraph', 'rank': 4}, {'chunk_id': 'PMC11743609_0', 'type': 'paragraph', 'rank': 5}, {'chunk_id': 'PMC11743609_T2_row_10', 'type': 'table_row', 'rank': 6}, {'chunk_id': 'PMC11743609_T2_footnotes', 'type': 'paragraph', 'rank': 7}, {'chunk_id': 'PMC11743609_5', 'type': 'paragraph', 'rank': 8}]
        └──────────────────────────────────────────────────────

[  50] [2026-08-23T16:06:54.303]  +105236.8ms  (       —)  local_evidence_boost
        ┌─── REQUEST ───────────────────────────────────────────
        │ paper_id: PMC12009809
        │ requirement_id: H2
        │ focus: numerical
        └──────────────────────────────────────────────────────
        ┌─── RESPONSE ──────────────────────────────────────────
        │ boosted: ['PMC12009809_F1', 'PMC12009809_T4_row_23', 'PMC12009809_T3_row_9']
        └──────────────────────────────────────────────────────

[  51] [2026-08-23T16:06:54.309]  +105242.7ms  (       —)  local_search_PMC12009809_H2
        ┌─── REQUEST ───────────────────────────────────────────
        │ paper_id: PMC12009809
        │ requirement_id: H2
        │ query: Coarctation of aorta repair recurrence percentages p-values
        │ n_paper_chunks: 146
        └──────────────────────────────────────────────────────
        ┌─── RESPONSE ──────────────────────────────────────────
        │ bm25_hits: 40
        │ dense_hits: 60
        │ fused: 78
        │ candidates: 20
        │ top: [{'chunk_id': 'PMC12009809_7', 'type': 'paragraph', 'rank': 1}, {'chunk_id': 'PMC12009809_F3', 'type': 'paragraph', 'rank': 2}, {'chunk_id': 'PMC12009809_15', 'type': 'paragraph', 'rank': 3}, {'chunk_id': 'PMC12009809_2', 'type': 'paragraph', 'rank': 4}, {'chunk_id': 'PMC12009809_F4', 'type': 'paragraph', 'rank': 5}, {'chunk_id': 'PMC12009809_1', 'type': 'paragraph', 'rank': 6}, {'chunk_id': 'PMC12009809_6', 'type': 'paragraph', 'rank': 7}, {'chunk_id': 'PMC12009809_5', 'type': 'paragraph', 'rank': 8}]
        └──────────────────────────────────────────────────────

[  52] [2026-08-23T16:06:54.321]  +105254.5ms  (       —)  local_evidence_boost
        ┌─── REQUEST ───────────────────────────────────────────
        │ paper_id: PMC11970464
        │ requirement_id: H2
        │ focus: numerical
        └──────────────────────────────────────────────────────
        ┌─── RESPONSE ──────────────────────────────────────────
        │ boosted: ['PMC11970464_TB0920247337pcc-1_row_15', 'PMC11970464_TB0920247337pcc-1_row_12', 'PMC11970464_FI0920247337pcc-2']
        └──────────────────────────────────────────────────────

[  53] [2026-08-23T16:06:54.326]  +105259.6ms  (       —)  local_search_PMC11970464_H2
        ┌─── REQUEST ───────────────────────────────────────────
        │ paper_id: PMC11970464
        │ requirement_id: H2
        │ query: Coarctation of aorta repair recurrence percentages p-values
        │ n_paper_chunks: 65
        └──────────────────────────────────────────────────────
        ┌─── RESPONSE ──────────────────────────────────────────
        │ bm25_hits: 40
        │ dense_hits: 60
        │ fused: 61
        │ candidates: 18
        │ top: [{'chunk_id': 'PMC11970464_TB0920247337pcc-1_row_7', 'type': 'paragraph', 'rank': 1}, {'chunk_id': 'PMC11970464_TB0920247337pcc-1_row_10', 'type': 'paragraph', 'rank': 2}, {'chunk_id': 'PMC11970464_TB0920247337pcc-1_row_13', 'type': 'paragraph', 'rank': 3}, {'chunk_id': 'PMC11970464_TB0920247337pcc-
        │ top:     ... [84 chars truncated] ...
        │ top:     -1_row_2', 'type': 'paragraph', 'rank': 5}, {'chunk_id': 'PMC11970464_TB0920247337pcc-1_row_8', 'type': 'table_row', 'rank': 6}, {'chunk_id': 'PMC11970464_TB0920247337pcc-1_row_17', 'type': 'paragraph', 'rank': 7}, {'chunk_id': 'PMC11970464_TB0920247337pcc-1_row_14', 'type': 'table_row', 'rank': 8}]
        └──────────────────────────────────────────────────────

[  54] [2026-08-23T16:06:54.337]  +105270.6ms  (       —)  local_evidence_boost
        ┌─── REQUEST ───────────────────────────────────────────
        │ paper_id: PMC11997790
        │ requirement_id: H2
        │ focus: numerical
        └──────────────────────────────────────────────────────
        ┌─── RESPONSE ──────────────────────────────────────────
        │ boosted: ['PMC11997790_ivaf042-T3_row_28', 'PMC11997790_ivaf042-T2_row_17', 'PMC11997790_ivaf042-F3']
        └──────────────────────────────────────────────────────

[  55] [2026-08-23T16:06:54.343]  +105276.5ms  (       —)  local_search_PMC11997790_H2
        ┌─── REQUEST ───────────────────────────────────────────
        │ paper_id: PMC11997790
        │ requirement_id: H2
        │ query: Coarctation of aorta repair recurrence percentages p-values
        │ n_paper_chunks: 131
        └──────────────────────────────────────────────────────
        ┌─── RESPONSE ──────────────────────────────────────────
        │ bm25_hits: 40
        │ dense_hits: 60
        │ fused: 78
        │ candidates: 25
        │ top: [{'chunk_id': 'PMC11997790_ivaf042-T2_row_0', 'type': 'paragraph', 'rank': 1}, {'chunk_id': 'PMC11997790_0', 'type': 'paragraph', 'rank': 2}, {'chunk_id': 'PMC11997790_4', 'type': 'paragraph', 'rank': 3}, {'chunk_id': 'PMC11997790_ivaf042-T1_row_13', 'type': 'paragraph', 'rank': 4}, {'chunk_id': 'PMC11997790_5', 'type': 'paragraph', 'rank': 5}, {'chunk_id': 'PMC11997790_ivaf042-T3_row_4', 'type': 'paragraph', 'rank': 6}, {'chunk_id': 'PMC11997790_2', 'type': 'paragraph', 'rank': 7}, {'chunk_id': 'PMC11997790_ivaf042-T3_row_21', 'type': 'paragraph', 'rank': 8}]
        └──────────────────────────────────────────────────────

[  56] [2026-08-23T16:06:54.355]  +105288.5ms  (       —)  local_evidence_boost
        ┌─── REQUEST ───────────────────────────────────────────
        │ paper_id: PMC11810876
        │ requirement_id: H2
        │ focus: numerical
        └──────────────────────────────────────────────────────
        ┌─── RESPONSE ──────────────────────────────────────────
        │ boosted: ['PMC11810876_tab5_row_7', 'PMC11810876_tab5_row_0', 'PMC11810876_F1']
        └──────────────────────────────────────────────────────

[  57] [2026-08-23T16:06:54.362]  +105295.1ms  (       —)  local_search_PMC11810876_H2
        ┌─── REQUEST ───────────────────────────────────────────
        │ paper_id: PMC11810876
        │ requirement_id: H2
        │ query: Coarctation of aorta repair recurrence percentages p-values
        │ n_paper_chunks: 111
        └──────────────────────────────────────────────────────
        ┌─── RESPONSE ──────────────────────────────────────────
        │ bm25_hits: 40
        │ dense_hits: 60
        │ fused: 82
        │ candidates: 28
        │ top: [{'chunk_id': 'PMC11810876_tab1_row_6', 'type': 'paragraph', 'rank': 1}, {'chunk_id': 'PMC11810876_tab1_row_25', 'type': 'paragraph', 'rank': 2}, {'chunk_id': 'PMC11810876_18', 'type': 'paragraph', 'rank': 3}, {'chunk_id': 'PMC11810876_tab1_row_16', 'type': 'paragraph', 'rank': 4}, {'chunk_id': 'PMC11810876_tab5_row_3', 'type': 'paragraph', 'rank': 5}, {'chunk_id': 'PMC11810876_tab5_row_2', 'type': 'table_row', 'rank': 6}, {'chunk_id': 'PMC11810876_tab4_row_10', 'type': 'paragraph', 'rank': 7}, {'chunk_id': 'PMC11810876_tab4_row_11', 'type': 'table_row', 'rank': 8}]
        └──────────────────────────────────────────────────────

[  58] [2026-08-23T16:06:54.375]  +105308.6ms  (       —)  local_evidence_boost
        ┌─── REQUEST ───────────────────────────────────────────
        │ paper_id: PMC12028424
        │ requirement_id: H2
        │ focus: numerical
        └──────────────────────────────────────────────────────
        ┌─── RESPONSE ──────────────────────────────────────────
        │ boosted: ['PMC12028424_life-15-00656-t004_summary', 'PMC12028424_life-15-00656-t004_row_0']
        └──────────────────────────────────────────────────────

[  59] [2026-08-23T16:06:54.391]  +105324.3ms  (       —)  local_search_PMC12028424_H2
        ┌─── REQUEST ───────────────────────────────────────────
        │ paper_id: PMC12028424
        │ requirement_id: H2
        │ query: Coarctation of aorta repair recurrence percentages p-values
        │ n_paper_chunks: 84
        └──────────────────────────────────────────────────────
        ┌─── RESPONSE ──────────────────────────────────────────
        │ bm25_hits: 40
        │ dense_hits: 60
        │ fused: 68
        │ candidates: 17
        │ top: [{'chunk_id': 'PMC12028424_0', 'type': 'paragraph', 'rank': 1}, {'chunk_id': 'PMC12028424_life-15-00656-t004_row_3', 'type': 'paragraph', 'rank': 2}, {'chunk_id': 'PMC12028424_6', 'type': 'paragraph', 'rank': 3}, {'chunk_id': 'PMC12028424_life-15-00656-t004_row_7', 'type': 'paragraph', 'rank': 4}, {'chunk_id': 'PMC12028424_15', 'type': 'paragraph', 'rank': 5}, {'chunk_id': 'PMC12028424_8', 'type': 'paragraph', 'rank': 6}, {'chunk_id': 'PMC12028424_life-15-00656-t004_row_5', 'type': 'paragraph', 'rank': 7}, {'chunk_id': 'PMC12028424_20', 'type': 'paragraph', 'rank': 8}]
        └──────────────────────────────────────────────────────

[  60] [2026-08-23T16:06:54.401]  +105334.2ms  (       —)  local_evidence_boost
        ┌─── REQUEST ───────────────────────────────────────────
        │ paper_id: PMC11970461
        │ requirement_id: H2
        │ focus: numerical
        └──────────────────────────────────────────────────────
        ┌─── RESPONSE ──────────────────────────────────────────
        │ boosted: ['PMC11970461_TB1120247359pcc-1_row_2', 'PMC11970461_TB1120247359pcc-3_row_17', 'PMC11970461_FI1120247359pcc-2']
        └──────────────────────────────────────────────────────

[  61] [2026-08-23T16:06:54.407]  +105340.7ms  (       —)  local_search_PMC11970461_H2
        ┌─── REQUEST ───────────────────────────────────────────
        │ paper_id: PMC11970461
        │ requirement_id: H2
        │ query: Coarctation of aorta repair recurrence percentages p-values
        │ n_paper_chunks: 95
        └──────────────────────────────────────────────────────
        ┌─── RESPONSE ──────────────────────────────────────────
        │ bm25_hits: 40
        │ dense_hits: 60
        │ fused: 72
        │ candidates: 25
        │ top: [{'chunk_id': 'PMC11970461_TB1120247359pcc-2_footnotes', 'type': 'paragraph', 'rank': 1}, {'chunk_id': 'PMC11970461_TB1120247359pcc-1_row_7', 'type': 'paragraph', 'rank': 2}, {'chunk_id': 'PMC11970461_18', 'type': 'paragraph', 'rank': 3}, {'chunk_id': 'PMC11970461_12', 'type': 'paragraph', 'rank': 4}, {'chunk_id': 'PMC11970461_TB1120247359pcc-2_row_9', 'type': 'paragraph', 'rank': 5}, {'chunk_id': 'PMC11970461_26', 'type': 'paragraph', 'rank': 6}, {'chunk_id': 'PMC11970461_2', 'type': 'paragraph', 'rank': 7}, {'chunk_id': 'PMC11970461_10', 'type': 'paragraph', 'rank': 8}]
        └──────────────────────────────────────────────────────

[  62] [2026-08-23T16:06:54.419]  +105352.4ms  (       —)  local_search_PMC11787011_H2
        ┌─── REQUEST ───────────────────────────────────────────
        │ paper_id: PMC11787011
        │ requirement_id: H2
        │ query: Coarctation of aorta repair recurrence percentages p-values
        │ n_paper_chunks: 19
        └──────────────────────────────────────────────────────
        ┌─── RESPONSE ──────────────────────────────────────────
        │ bm25_hits: 19
        │ dense_hits: 19
        │ fused: 19
        │ candidates: 11
        │ top: [{'chunk_id': 'PMC11787011_11', 'type': 'paragraph', 'rank': 1}, {'chunk_id': 'PMC11787011_5', 'type': 'paragraph', 'rank': 2}, {'chunk_id': 'PMC11787011_0', 'type': 'paragraph', 'rank': 3}, {'chunk_id': 'PMC11787011_10', 'type': 'paragraph', 'rank': 4}, {'chunk_id': 'PMC11787011_8', 'type': 'paragraph', 'rank': 5}, {'chunk_id': 'PMC11787011_7', 'type': 'paragraph', 'rank': 6}, {'chunk_id': 'PMC11787011_4', 'type': 'paragraph', 'rank': 7}, {'chunk_id': 'PMC11787011_12', 'type': 'paragraph', 'rank': 8}]
        └──────────────────────────────────────────────────────

[  63] [2026-08-23T16:06:54.433]  +105366.6ms  (       —)  local_search_PMC12082946_H2
        ┌─── REQUEST ───────────────────────────────────────────
        │ paper_id: PMC12082946
        │ requirement_id: H2
        │ query: Coarctation of aorta repair recurrence percentages p-values
        │ n_paper_chunks: 33
        └──────────────────────────────────────────────────────
        ┌─── RESPONSE ──────────────────────────────────────────
        │ bm25_hits: 33
        │ dense_hits: 33
        │ fused: 33
        │ candidates: 11
        │ top: [{'chunk_id': 'PMC12082946_17', 'type': 'paragraph', 'rank': 1}, {'chunk_id': 'PMC12082946_16', 'type': 'paragraph', 'rank': 2}, {'chunk_id': 'PMC12082946_15', 'type': 'paragraph', 'rank': 3}, {'chunk_id': 'PMC12082946_2', 'type': 'paragraph', 'rank': 4}, {'chunk_id': 'PMC12082946_24', 'type': 'paragraph', 'rank': 5}, {'chunk_id': 'PMC12082946_23', 'type': 'paragraph', 'rank': 6}, {'chunk_id': 'PMC12082946_13', 'type': 'paragraph', 'rank': 7}, {'chunk_id': 'PMC12082946_14', 'type': 'paragraph', 'rank': 8}]
        └──────────────────────────────────────────────────────

[  64] [2026-08-23T16:06:54.501]  +105434.1ms  (       —)  local_evidence_boost
        ┌─── REQUEST ───────────────────────────────────────────
        │ paper_id: PMC11743609
        │ requirement_id: H3
        │ focus: numerical
        └──────────────────────────────────────────────────────
        ┌─── RESPONSE ──────────────────────────────────────────
        │ boosted: ['PMC11743609_T2_row_9', 'PMC11743609_T2_row_10', 'PMC11743609_F5']
        └──────────────────────────────────────────────────────

[  65] [2026-08-23T16:06:54.507]  +105440.6ms  (       —)  local_search_PMC11743609_H3
        ┌─── REQUEST ───────────────────────────────────────────
        │ paper_id: PMC11743609
        │ requirement_id: H3
        │ query: Recurrent coarctation of the aorta after surgical repair techniques
        │ n_paper_chunks: 108
        └──────────────────────────────────────────────────────
        ┌─── RESPONSE ──────────────────────────────────────────
        │ bm25_hits: 40
        │ dense_hits: 60
        │ fused: 67
        │ candidates: 21
        │ top: [{'chunk_id': 'PMC11743609_0', 'type': 'paragraph', 'rank': 1}, {'chunk_id': 'PMC11743609_42', 'type': 'paragraph', 'rank': 2}, {'chunk_id': 'PMC11743609_T2_row_12', 'type': 'paragraph', 'rank': 3}, {'chunk_id': 'PMC11743609_5', 'type': 'paragraph', 'rank': 4}, {'chunk_id': 'PMC11743609_T2_footnotes', 'type': 'paragraph', 'rank': 5}, {'chunk_id': 'PMC11743609_27', 'type': 'paragraph', 'rank': 6}, {'chunk_id': 'PMC11743609_44', 'type': 'paragraph', 'rank': 7}, {'chunk_id': 'PMC11743609_T2_row_16', 'type': 'paragraph', 'rank': 8}]
        └──────────────────────────────────────────────────────

[  66] [2026-08-23T16:06:54.520]  +105453.3ms  (       —)  local_evidence_boost
        ┌─── REQUEST ───────────────────────────────────────────
        │ paper_id: PMC12009809
        │ requirement_id: H3
        │ focus: numerical
        └──────────────────────────────────────────────────────
        ┌─── RESPONSE ──────────────────────────────────────────
        │ boosted: ['PMC12009809_F3', 'PMC12009809_T4_row_23', 'PMC12009809_T3_row_8']
        └──────────────────────────────────────────────────────

[  67] [2026-08-23T16:06:54.526]  +105459.5ms  (       —)  local_search_PMC12009809_H3
        ┌─── REQUEST ───────────────────────────────────────────
        │ paper_id: PMC12009809
        │ requirement_id: H3
        │ query: Recurrent coarctation of the aorta after surgical repair techniques
        │ n_paper_chunks: 146
        └──────────────────────────────────────────────────────
        ┌─── RESPONSE ──────────────────────────────────────────
        │ bm25_hits: 40
        │ dense_hits: 60
        │ fused: 74
        │ candidates: 22
        │ top: [{'chunk_id': 'PMC12009809_7', 'type': 'paragraph', 'rank': 1}, {'chunk_id': 'PMC12009809_15', 'type': 'paragraph', 'rank': 2}, {'chunk_id': 'PMC12009809_6', 'type': 'paragraph', 'rank': 3}, {'chunk_id': 'PMC12009809_2', 'type': 'paragraph', 'rank': 4}, {'chunk_id': 'PMC12009809_8', 'type': 'paragraph', 'rank': 5}, {'chunk_id': 'PMC12009809_0', 'type': 'paragraph', 'rank': 6}, {'chunk_id': 'PMC12009809_5', 'type': 'paragraph', 'rank': 7}, {'chunk_id': 'PMC12009809_F4', 'type': 'paragraph', 'rank': 8}]
        └──────────────────────────────────────────────────────

[  68] [2026-08-23T16:06:54.538]  +105471.5ms  (       —)  local_evidence_boost
        ┌─── REQUEST ───────────────────────────────────────────
        │ paper_id: PMC11970464
        │ requirement_id: H3
        │ focus: numerical
        └──────────────────────────────────────────────────────
        ┌─── RESPONSE ──────────────────────────────────────────
        │ boosted: ['PMC11970464_TB0920247337pcc-1_row_15', 'PMC11970464_TB0920247337pcc-1_row_12', 'PMC11970464_FI0920247337pcc-1']
        └──────────────────────────────────────────────────────

[  69] [2026-08-23T16:06:54.544]  +105477.0ms  (       —)  local_search_PMC11970464_H3
        ┌─── REQUEST ───────────────────────────────────────────
        │ paper_id: PMC11970464
        │ requirement_id: H3
        │ query: Recurrent coarctation of the aorta after surgical repair techniques
        │ n_paper_chunks: 65
        └──────────────────────────────────────────────────────
        ┌─── RESPONSE ──────────────────────────────────────────
        │ bm25_hits: 40
        │ dense_hits: 60
        │ fused: 60
        │ candidates: 19
        │ top: [{'chunk_id': 'PMC11970464_TB0920247337pcc-1_row_10', 'type': 'paragraph', 'rank': 1}, {'chunk_id': 'PMC11970464_TB0920247337pcc-1_row_7', 'type': 'paragraph', 'rank': 2}, {'chunk_id': 'PMC11970464_TB0920247337pcc-1_row_13', 'type': 'paragraph', 'rank': 3}, {'chunk_id': 'PMC11970464_TB0920247337pcc-
        │ top:     ... [84 chars truncated] ...
        │ top:     -1_row_2', 'type': 'paragraph', 'rank': 5}, {'chunk_id': 'PMC11970464_TB0920247337pcc-1_row_8', 'type': 'table_row', 'rank': 6}, {'chunk_id': 'PMC11970464_TB0920247337pcc-1_row_14', 'type': 'table_row', 'rank': 7}, {'chunk_id': 'PMC11970464_TB0920247337pcc-1_row_17', 'type': 'paragraph', 'rank': 8}]
        └──────────────────────────────────────────────────────

[  70] [2026-08-23T16:06:54.555]  +105488.1ms  (       —)  local_evidence_boost
        ┌─── REQUEST ───────────────────────────────────────────
        │ paper_id: PMC11997790
        │ requirement_id: H3
        │ focus: numerical
        └──────────────────────────────────────────────────────
        ┌─── RESPONSE ──────────────────────────────────────────
        │ boosted: ['PMC11997790_ivaf042-T2_row_17', 'PMC11997790_ivaf042-T2_row_16', 'PMC11997790_ivaf042-F1']
        └──────────────────────────────────────────────────────

[  71] [2026-08-23T16:06:54.560]  +105494.0ms  (       —)  local_search_PMC11997790_H3
        ┌─── REQUEST ───────────────────────────────────────────
        │ paper_id: PMC11997790
        │ requirement_id: H3
        │ query: Recurrent coarctation of the aorta after surgical repair techniques
        │ n_paper_chunks: 131
        └──────────────────────────────────────────────────────
        ┌─── RESPONSE ──────────────────────────────────────────
        │ bm25_hits: 40
        │ dense_hits: 60
        │ fused: 72
        │ candidates: 22
        │ top: [{'chunk_id': 'PMC11997790_ivaf042-T2_row_0', 'type': 'paragraph', 'rank': 1}, {'chunk_id': 'PMC11997790_0', 'type': 'paragraph', 'rank': 2}, {'chunk_id': 'PMC11997790_4', 'type': 'paragraph', 'rank': 3}, {'chunk_id': 'PMC11997790_2', 'type': 'paragraph', 'rank': 4}, {'chunk_id': 'PMC11997790_7', 'type': 'paragraph', 'rank': 5}, {'chunk_id': 'PMC11997790_25', 'type': 'paragraph', 'rank': 6}, {'chunk_id': 'PMC11997790_9', 'type': 'paragraph', 'rank': 7}, {'chunk_id': 'PMC11997790_ivaf042-T2_row_8', 'type': 'paragraph', 'rank': 8}]
        └──────────────────────────────────────────────────────

[  72] [2026-08-23T16:06:54.571]  +105504.8ms  (       —)  local_evidence_boost
        ┌─── REQUEST ───────────────────────────────────────────
        │ paper_id: PMC11810876
        │ requirement_id: H3
        │ focus: numerical
        └──────────────────────────────────────────────────────
        ┌─── RESPONSE ──────────────────────────────────────────
        │ boosted: ['PMC11810876_tab5_summary', 'PMC11810876_tab4_row_10', 'PMC11810876_F1']
        └──────────────────────────────────────────────────────

[  73] [2026-08-23T16:06:54.578]  +105511.7ms  (       —)  local_search_PMC11810876_H3
        ┌─── REQUEST ───────────────────────────────────────────
        │ paper_id: PMC11810876
        │ requirement_id: H3
        │ query: Recurrent coarctation of the aorta after surgical repair techniques
        │ n_paper_chunks: 111
        └──────────────────────────────────────────────────────
        ┌─── RESPONSE ──────────────────────────────────────────
        │ bm25_hits: 40
        │ dense_hits: 60
        │ fused: 77
        │ candidates: 25
        │ top: [{'chunk_id': 'PMC11810876_tab1_row_6', 'type': 'paragraph', 'rank': 1}, {'chunk_id': 'PMC11810876_tab1_row_25', 'type': 'paragraph', 'rank': 2}, {'chunk_id': 'PMC11810876_18', 'type': 'paragraph', 'rank': 3}, {'chunk_id': 'PMC11810876_1', 'type': 'paragraph', 'rank': 4}, {'chunk_id': 'PMC11810876_7', 'type': 'paragraph', 'rank': 5}, {'chunk_id': 'PMC11810876_tab1_row_16', 'type': 'paragraph', 'rank': 6}, {'chunk_id': 'PMC11810876_17', 'type': 'paragraph', 'rank': 7}, {'chunk_id': 'PMC11810876_F2', 'type': 'figure', 'rank': 8}]
        └──────────────────────────────────────────────────────

[  74] [2026-08-23T16:06:54.592]  +105525.4ms  (       —)  local_evidence_boost
        ┌─── REQUEST ───────────────────────────────────────────
        │ paper_id: PMC12028424
        │ requirement_id: H3
        │ focus: numerical
        └──────────────────────────────────────────────────────
        ┌─── RESPONSE ──────────────────────────────────────────
        │ boosted: ['PMC12028424_life-15-00656-t004_row_5', 'PMC12028424_life-15-00656-t004_summary', 'PMC12028424_life-15-00656-f001']
        └──────────────────────────────────────────────────────

[  75] [2026-08-23T16:06:54.599]  +105532.0ms  (       —)  local_search_PMC12028424_H3
        ┌─── REQUEST ───────────────────────────────────────────
        │ paper_id: PMC12028424
        │ requirement_id: H3
        │ query: Recurrent coarctation of the aorta after surgical repair techniques
        │ n_paper_chunks: 84
        └──────────────────────────────────────────────────────
        ┌─── RESPONSE ──────────────────────────────────────────
        │ bm25_hits: 40
        │ dense_hits: 60
        │ fused: 67
        │ candidates: 21
        │ top: [{'chunk_id': 'PMC12028424_0', 'type': 'paragraph', 'rank': 1}, {'chunk_id': 'PMC12028424_life-15-00656-t004_row_3', 'type': 'paragraph', 'rank': 2}, {'chunk_id': 'PMC12028424_11', 'type': 'paragraph', 'rank': 3}, {'chunk_id': 'PMC12028424_1', 'type': 'paragraph', 'rank': 4}, {'chunk_id': 'PMC12028424_2', 'type': 'paragraph', 'rank': 5}, {'chunk_id': 'PMC12028424_life-15-00656-t004_row_7', 'type': 'paragraph', 'rank': 6}, {'chunk_id': 'PMC12028424_14', 'type': 'paragraph', 'rank': 7}, {'chunk_id': 'PMC12028424_8', 'type': 'paragraph', 'rank': 8}]
        └──────────────────────────────────────────────────────

[  76] [2026-08-23T16:06:54.610]  +105543.3ms  (       —)  local_evidence_boost
        ┌─── REQUEST ───────────────────────────────────────────
        │ paper_id: PMC11970461
        │ requirement_id: H3
        │ focus: numerical
        └──────────────────────────────────────────────────────
        ┌─── RESPONSE ──────────────────────────────────────────
        │ boosted: ['PMC11970461_TB1120247359pcc-2_row_9', 'PMC11970461_FI1120247359pcc-2', 'PMC11970461_TB1120247359pcc-1_row_2']
        └──────────────────────────────────────────────────────

[  77] [2026-08-23T16:06:54.616]  +105549.6ms  (       —)  local_search_PMC11970461_H3
        ┌─── REQUEST ───────────────────────────────────────────
        │ paper_id: PMC11970461
        │ requirement_id: H3
        │ query: Recurrent coarctation of the aorta after surgical repair techniques
        │ n_paper_chunks: 95
        └──────────────────────────────────────────────────────
        ┌─── RESPONSE ──────────────────────────────────────────
        │ bm25_hits: 40
        │ dense_hits: 60
        │ fused: 68
        │ candidates: 22
        │ top: [{'chunk_id': 'PMC11970461_TB1120247359pcc-1_row_7', 'type': 'paragraph', 'rank': 1}, {'chunk_id': 'PMC11970461_12', 'type': 'paragraph', 'rank': 2}, {'chunk_id': 'PMC11970461_18', 'type': 'paragraph', 'rank': 3}, {'chunk_id': 'PMC11970461_26', 'type': 'paragraph', 'rank': 4}, {'chunk_id': 'PMC11970461_TB1120247359pcc-2_footnotes', 'type': 'table_footnotes', 'rank': 5}, {'chunk_id': 'PMC11970461_28', 'type': 'paragraph', 'rank': 6}, {'chunk_id': 'PMC11970461_17', 'type': 'paragraph', 'rank': 7}, {'chunk_id': 'PMC11970461_10', 'type': 'paragraph', 'rank': 8}]
        └──────────────────────────────────────────────────────

[  78] [2026-08-23T16:06:54.630]  +105563.3ms  (       —)  local_search_PMC11787011_H3
        ┌─── REQUEST ───────────────────────────────────────────
        │ paper_id: PMC11787011
        │ requirement_id: H3
        │ query: Recurrent coarctation of the aorta after surgical repair techniques
        │ n_paper_chunks: 19
        └──────────────────────────────────────────────────────
        ┌─── RESPONSE ──────────────────────────────────────────
        │ bm25_hits: 19
        │ dense_hits: 19
        │ fused: 19
        │ candidates: 11
        │ top: [{'chunk_id': 'PMC11787011_5', 'type': 'paragraph', 'rank': 1}, {'chunk_id': 'PMC11787011_11', 'type': 'paragraph', 'rank': 2}, {'chunk_id': 'PMC11787011_0', 'type': 'paragraph', 'rank': 3}, {'chunk_id': 'PMC11787011_10', 'type': 'paragraph', 'rank': 4}, {'chunk_id': 'PMC11787011_12', 'type': 'paragraph', 'rank': 5}, {'chunk_id': 'PMC11787011_7', 'type': 'paragraph', 'rank': 6}, {'chunk_id': 'PMC11787011_8', 'type': 'paragraph', 'rank': 7}, {'chunk_id': 'PMC11787011_14', 'type': 'paragraph', 'rank': 8}]
        └──────────────────────────────────────────────────────

[  79] [2026-08-23T16:06:54.646]  +105579.6ms  (       —)  local_search_PMC12082946_H3
        ┌─── REQUEST ───────────────────────────────────────────
        │ paper_id: PMC12082946
        │ requirement_id: H3
        │ query: Recurrent coarctation of the aorta after surgical repair techniques
        │ n_paper_chunks: 33
        └──────────────────────────────────────────────────────
        ┌─── RESPONSE ──────────────────────────────────────────
        │ bm25_hits: 33
        │ dense_hits: 33
        │ fused: 33
        │ candidates: 13
        │ top: [{'chunk_id': 'PMC12082946_17', 'type': 'paragraph', 'rank': 1}, {'chunk_id': 'PMC12082946_24', 'type': 'paragraph', 'rank': 2}, {'chunk_id': 'PMC12082946_16', 'type': 'paragraph', 'rank': 3}, {'chunk_id': 'PMC12082946_15', 'type': 'paragraph', 'rank': 4}, {'chunk_id': 'PMC12082946_2', 'type': 'paragraph', 'rank': 5}, {'chunk_id': 'PMC12082946_5', 'type': 'paragraph', 'rank': 6}, {'chunk_id': 'PMC12082946_13', 'type': 'paragraph', 'rank': 7}, {'chunk_id': 'PMC12082946_25', 'type': 'paragraph', 'rank': 8}]
        └──────────────────────────────────────────────────────

[  80] [2026-08-23T16:06:54.709]  +105642.6ms  (       —)  local_evidence_boost
        ┌─── REQUEST ───────────────────────────────────────────
        │ paper_id: PMC11743609
        │ requirement_id: H4
        │ focus: numerical
        └──────────────────────────────────────────────────────
        ┌─── RESPONSE ──────────────────────────────────────────
        │ boosted: ['PMC11743609_T1_row_9', 'PMC11743609_T1_row_12']
        └──────────────────────────────────────────────────────

[  81] [2026-08-23T16:06:54.715]  +105648.5ms  (       —)  local_search_PMC11743609_H4
        ┌─── REQUEST ───────────────────────────────────────────
        │ paper_id: PMC11743609
        │ requirement_id: H4
        │ query: Coarctation repair restenosis outcomes surgical technique comparison
        │ n_paper_chunks: 108
        └──────────────────────────────────────────────────────
        ┌─── RESPONSE ──────────────────────────────────────────
        │ bm25_hits: 40
        │ dense_hits: 60
        │ fused: 71
        │ candidates: 19
        │ top: [{'chunk_id': 'PMC11743609_42', 'type': 'paragraph', 'rank': 1}, {'chunk_id': 'PMC11743609_T2_row_12', 'type': 'paragraph', 'rank': 2}, {'chunk_id': 'PMC11743609_T2_row_9', 'type': 'paragraph', 'rank': 3}, {'chunk_id': 'PMC11743609_9', 'type': 'paragraph', 'rank': 4}, {'chunk_id': 'PMC11743609_20', 'type': 'paragraph', 'rank': 5}, {'chunk_id': 'PMC11743609_T2_row_16', 'type': 'paragraph', 'rank': 6}, {'chunk_id': 'PMC11743609_41', 'type': 'paragraph', 'rank': 7}, {'chunk_id': 'PMC11743609_T2_row_10', 'type': 'table_row', 'rank': 8}]
        └──────────────────────────────────────────────────────

[  82] [2026-08-23T16:06:54.726]  +105660.0ms  (       —)  local_evidence_boost
        ┌─── REQUEST ───────────────────────────────────────────
        │ paper_id: PMC12009809
        │ requirement_id: H4
        │ focus: numerical
        └──────────────────────────────────────────────────────
        ┌─── RESPONSE ──────────────────────────────────────────
        │ boosted: ['PMC12009809_F4', 'PMC12009809_T4_row_25', 'PMC12009809_T4_row_24']
        └──────────────────────────────────────────────────────

[  83] [2026-08-23T16:06:54.734]  +105667.5ms  (       —)  local_search_PMC12009809_H4
        ┌─── REQUEST ───────────────────────────────────────────
        │ paper_id: PMC12009809
        │ requirement_id: H4
        │ query: Coarctation repair restenosis outcomes surgical technique comparison
        │ n_paper_chunks: 146
        └──────────────────────────────────────────────────────
        ┌─── RESPONSE ──────────────────────────────────────────
        │ bm25_hits: 40
        │ dense_hits: 60
        │ fused: 76
        │ candidates: 18
        │ top: [{'chunk_id': 'PMC12009809_6', 'type': 'paragraph', 'rank': 1}, {'chunk_id': 'PMC12009809_7', 'type': 'paragraph', 'rank': 2}, {'chunk_id': 'PMC12009809_2', 'type': 'paragraph', 'rank': 3}, {'chunk_id': 'PMC12009809_8', 'type': 'paragraph', 'rank': 4}, {'chunk_id': 'PMC12009809_15', 'type': 'paragraph', 'rank': 5}, {'chunk_id': 'PMC12009809_5', 'type': 'paragraph', 'rank': 6}, {'chunk_id': 'PMC12009809_F3', 'type': 'paragraph', 'rank': 7}, {'chunk_id': 'PMC12009809_14', 'type': 'paragraph', 'rank': 8}]
        └──────────────────────────────────────────────────────

[  84] [2026-08-23T16:06:54.743]  +105676.7ms  (       —)  local_evidence_boost
        ┌─── REQUEST ───────────────────────────────────────────
        │ paper_id: PMC11970464
        │ requirement_id: H4
        │ focus: numerical
        └──────────────────────────────────────────────────────
        ┌─── RESPONSE ──────────────────────────────────────────
        │ boosted: ['PMC11970464_TB0920247337pcc-1_row_0', 'PMC11970464_TB0920247337pcc-1_row_1', 'PMC11970464_FI0920247337pcc-1']
        └──────────────────────────────────────────────────────

[  85] [2026-08-23T16:06:54.752]  +105685.2ms  (       —)  local_search_PMC11970464_H4
        ┌─── REQUEST ───────────────────────────────────────────
        │ paper_id: PMC11970464
        │ requirement_id: H4
        │ query: Coarctation repair restenosis outcomes surgical technique comparison
        │ n_paper_chunks: 65
        └──────────────────────────────────────────────────────
        ┌─── RESPONSE ──────────────────────────────────────────
        │ bm25_hits: 40
        │ dense_hits: 60
        │ fused: 60
        │ candidates: 17
        │ top: [{'chunk_id': 'PMC11970464_TB0920247337pcc-1_row_2', 'type': 'paragraph', 'rank': 1}, {'chunk_id': 'PMC11970464_TB0920247337pcc-1_row_13', 'type': 'paragraph', 'rank': 2}, {'chunk_id': 'PMC11970464_TB0920247337pcc-1_row_9', 'type': 'paragraph', 'rank': 3}, {'chunk_id': 'PMC11970464_TB0920247337pcc-1
        │ top:     ... [84 chars truncated] ...
        │ top:     1_row_10', 'type': 'table_row', 'rank': 5}, {'chunk_id': 'PMC11970464_TB0920247337pcc-1_row_14', 'type': 'table_row', 'rank': 6}, {'chunk_id': 'PMC11970464_TB0920247337pcc-1_row_7', 'type': 'table_row', 'rank': 7}, {'chunk_id': 'PMC11970464_TB0920247337pcc-1_row_11', 'type': 'table_row', 'rank': 8}]
        └──────────────────────────────────────────────────────

[  86] [2026-08-23T16:06:54.763]  +105696.6ms  (       —)  local_evidence_boost
        ┌─── REQUEST ───────────────────────────────────────────
        │ paper_id: PMC11997790
        │ requirement_id: H4
        │ focus: numerical
        └──────────────────────────────────────────────────────
        ┌─── RESPONSE ──────────────────────────────────────────
        │ boosted: ['PMC11997790_ivaf042-T2_row_12', 'PMC11997790_ivaf042-T3_row_21', 'PMC11997790_ivaf042-F1']
        └──────────────────────────────────────────────────────

[  87] [2026-08-23T16:06:54.770]  +105703.0ms  (       —)  local_search_PMC11997790_H4
        ┌─── REQUEST ───────────────────────────────────────────
        │ paper_id: PMC11997790
        │ requirement_id: H4
        │ query: Coarctation repair restenosis outcomes surgical technique comparison
        │ n_paper_chunks: 131
        └──────────────────────────────────────────────────────
        ┌─── RESPONSE ──────────────────────────────────────────
        │ bm25_hits: 40
        │ dense_hits: 60
        │ fused: 78
        │ candidates: 22
        │ top: [{'chunk_id': 'PMC11997790_ivaf042-T2_row_0', 'type': 'paragraph', 'rank': 1}, {'chunk_id': 'PMC11997790_ivaf042-T2_row_17', 'type': 'paragraph', 'rank': 2}, {'chunk_id': 'PMC11997790_ivaf042-T2_row_16', 'type': 'table_row', 'rank': 3}, {'chunk_id': 'PMC11997790_ivaf042-T2_row_15', 'type': 'table_ro
        │ top:     ... [13 chars truncated] ...
        │ top:     }, {'chunk_id': 'PMC11997790_ivaf042-T2_row_9', 'type': 'paragraph', 'rank': 5}, {'chunk_id': 'PMC11997790_ivaf042-T2_row_8', 'type': 'table_row', 'rank': 6}, {'chunk_id': 'PMC11997790_0', 'type': 'paragraph', 'rank': 7}, {'chunk_id': 'PMC11997790_ivaf042-T2_row_14', 'type': 'table_row', 'rank': 8}]
        └──────────────────────────────────────────────────────

[  88] [2026-08-23T16:06:54.782]  +105715.7ms  (       —)  local_evidence_boost
        ┌─── REQUEST ───────────────────────────────────────────
        │ paper_id: PMC11810876
        │ requirement_id: H4
        │ focus: numerical
        └──────────────────────────────────────────────────────
        ┌─── RESPONSE ──────────────────────────────────────────
        │ boosted: ['PMC11810876_tab1_row_9', 'PMC11810876_tab1_row_3', 'PMC11810876_F1']
        └──────────────────────────────────────────────────────

[  89] [2026-08-23T16:06:54.789]  +105722.6ms  (       —)  local_search_PMC11810876_H4
        ┌─── REQUEST ───────────────────────────────────────────
        │ paper_id: PMC11810876
        │ requirement_id: H4
        │ query: Coarctation repair restenosis outcomes surgical technique comparison
        │ n_paper_chunks: 111
        └──────────────────────────────────────────────────────
        ┌─── RESPONSE ──────────────────────────────────────────
        │ bm25_hits: 40
        │ dense_hits: 60
        │ fused: 70
        │ candidates: 27
        │ top: [{'chunk_id': 'PMC11810876_tab1_row_6', 'type': 'paragraph', 'rank': 1}, {'chunk_id': 'PMC11810876_tab1_row_25', 'type': 'paragraph', 'rank': 2}, {'chunk_id': 'PMC11810876_tab1_row_16', 'type': 'paragraph', 'rank': 3}, {'chunk_id': 'PMC11810876_tab1_row_4', 'type': 'paragraph', 'rank': 4}, {'chunk_id': 'PMC11810876_tab1_row_11', 'type': 'paragraph', 'rank': 5}, {'chunk_id': 'PMC11810876_tab5_summary', 'type': 'paragraph', 'rank': 6}, {'chunk_id': 'PMC11810876_5', 'type': 'paragraph', 'rank': 7}, {'chunk_id': 'PMC11810876_tab4_summary', 'type': 'paragraph', 'rank': 8}]
        └──────────────────────────────────────────────────────

[  90] [2026-08-23T16:06:54.804]  +105737.3ms  (       —)  local_search_PMC12082946_H4
        ┌─── REQUEST ───────────────────────────────────────────
        │ paper_id: PMC12082946
        │ requirement_id: H4
        │ query: Coarctation repair restenosis outcomes surgical technique comparison
        │ n_paper_chunks: 33
        └──────────────────────────────────────────────────────
        ┌─── RESPONSE ──────────────────────────────────────────
        │ bm25_hits: 33
        │ dense_hits: 33
        │ fused: 33
        │ candidates: 12
        │ top: [{'chunk_id': 'PMC12082946_17', 'type': 'paragraph', 'rank': 1}, {'chunk_id': 'PMC12082946_24', 'type': 'paragraph', 'rank': 2}, {'chunk_id': 'PMC12082946_15', 'type': 'paragraph', 'rank': 3}, {'chunk_id': 'PMC12082946_16', 'type': 'paragraph', 'rank': 4}, {'chunk_id': 'PMC12082946_10', 'type': 'paragraph', 'rank': 5}, {'chunk_id': 'PMC12082946_2', 'type': 'paragraph', 'rank': 6}, {'chunk_id': 'PMC12082946_25', 'type': 'paragraph', 'rank': 7}, {'chunk_id': 'PMC12082946_1', 'type': 'paragraph', 'rank': 8}]
        └──────────────────────────────────────────────────────

[  91] [2026-08-23T16:06:54.874]  +105807.0ms  (       —)  local_search_PMC11697624_H4
        ┌─── REQUEST ───────────────────────────────────────────
        │ paper_id: PMC11697624
        │ requirement_id: H4
        │ query: Coarctation repair restenosis outcomes surgical technique comparison
        │ n_paper_chunks: 18
        └──────────────────────────────────────────────────────
        ┌─── RESPONSE ──────────────────────────────────────────
        │ bm25_hits: 18
        │ dense_hits: 18
        │ fused: 18
        │ candidates: 10
        │ top: [{'chunk_id': 'PMC11697624_3', 'type': 'paragraph', 'rank': 1}, {'chunk_id': 'PMC11697624_0', 'type': 'paragraph', 'rank': 2}, {'chunk_id': 'PMC11697624_2', 'type': 'paragraph', 'rank': 3}, {'chunk_id': 'PMC11697624_11', 'type': 'paragraph', 'rank': 4}, {'chunk_id': 'PMC11697624_8', 'type': 'paragraph', 'rank': 5}, {'chunk_id': 'PMC11697624_1', 'type': 'paragraph', 'rank': 6}, {'chunk_id': 'PMC11697624_9', 'type': 'paragraph', 'rank': 7}, {'chunk_id': 'PMC11697624_4', 'type': 'paragraph', 'rank': 8}]
        └──────────────────────────────────────────────────────

[  92] [2026-08-23T16:06:54.930]  +105863.5ms  (       —)  local_evidence_boost
        ┌─── REQUEST ───────────────────────────────────────────
        │ paper_id: PMC11914319
        │ requirement_id: H4
        │ focus: numerical
        └──────────────────────────────────────────────────────
        ┌─── RESPONSE ──────────────────────────────────────────
        │ boosted: ['PMC11914319_ytaf094-F1']
        └──────────────────────────────────────────────────────

[  93] [2026-08-23T16:06:54.939]  +105872.6ms  (       —)  local_search_PMC11914319_H4
        ┌─── REQUEST ───────────────────────────────────────────
        │ paper_id: PMC11914319
        │ requirement_id: H4
        │ query: Coarctation repair restenosis outcomes surgical technique comparison
        │ n_paper_chunks: 21
        └──────────────────────────────────────────────────────
        ┌─── RESPONSE ──────────────────────────────────────────
        │ bm25_hits: 21
        │ dense_hits: 21
        │ fused: 21
        │ candidates: 11
        │ top: [{'chunk_id': 'PMC11914319_10', 'type': 'paragraph', 'rank': 1}, {'chunk_id': 'PMC11914319_2', 'type': 'paragraph', 'rank': 2}, {'chunk_id': 'PMC11914319_4', 'type': 'paragraph', 'rank': 3}, {'chunk_id': 'PMC11914319_3', 'type': 'paragraph', 'rank': 4}, {'chunk_id': 'PMC11914319_0', 'type': 'paragraph', 'rank': 5}, {'chunk_id': 'PMC11914319_12', 'type': 'paragraph', 'rank': 6}, {'chunk_id': 'PMC11914319_11', 'type': 'paragraph', 'rank': 7}, {'chunk_id': 'PMC11914319_1', 'type': 'paragraph', 'rank': 8}]
        └──────────────────────────────────────────────────────

[  94] [2026-08-23T16:06:55.001]  +105934.4ms  (       —)  local_search_PMC12014972_H4
        ┌─── REQUEST ───────────────────────────────────────────
        │ paper_id: PMC12014972
        │ requirement_id: H4
        │ query: Coarctation repair restenosis outcomes surgical technique comparison
        │ n_paper_chunks: 13
        └──────────────────────────────────────────────────────
        ┌─── RESPONSE ──────────────────────────────────────────
        │ bm25_hits: 13
        │ dense_hits: 13
        │ fused: 13
        │ candidates: 9
        │ top: [{'chunk_id': 'PMC12014972_3', 'type': 'paragraph', 'rank': 1}, {'chunk_id': 'PMC12014972_0', 'type': 'paragraph', 'rank': 2}, {'chunk_id': 'PMC12014972_9', 'type': 'paragraph', 'rank': 3}, {'chunk_id': 'PMC12014972_7', 'type': 'paragraph', 'rank': 4}, {'chunk_id': 'PMC12014972_8', 'type': 'paragraph', 'rank': 5}, {'chunk_id': 'PMC12014972_2', 'type': 'paragraph', 'rank': 6}, {'chunk_id': 'PMC12014972_1', 'type': 'paragraph', 'rank': 7}, {'chunk_id': 'PMC12014972_4', 'type': 'paragraph', 'rank': 8}]
        └──────────────────────────────────────────────────────

[  95] [2026-08-23T16:06:55.066]  +105999.3ms  (       —)  intent_scoring
        ┌─── REQUEST ───────────────────────────────────────────
        │ n_requirements: 4
        └──────────────────────────────────────────────────────
        ┌─── RESPONSE ──────────────────────────────────────────
        │ covered_per_requirement: {
        │ covered_per_requirement: "H1": 3,
        │ covered_per_requirement: "H2": 2,
        │ covered_per_requirement: "H3": 3,
        │ covered_per_requirement: "H4": 3
        │ covered_per_requirement: }
        └──────────────────────────────────────────────────────

[  96] [2026-08-23T16:06:55.106]  +106039.8ms  (       —)  greedy_selection
        ┌─── REQUEST ───────────────────────────────────────────
        │ slots: 18
        │ n_candidates: 285
        └──────────────────────────────────────────────────────
        ┌─── RESPONSE ──────────────────────────────────────────
        │ n_selected: 18
        │ n_documents: 10
        │ covered_requirements: ['H1', 'H2', 'H3', 'H4']
        │ coverage_fraction: 1.000000
        └──────────────────────────────────────────────────────

[  97] [2026-08-23T16:06:55.107]  +106040.3ms  (       —)  FINAL_EVIDENCE
        ┌─── REQUEST ───────────────────────────────────────────
        │ n_selected: 18
        └──────────────────────────────────────────────────────
        ┌─── RESPONSE ──────────────────────────────────────────
        │ coverage: {
        │ coverage: "all_requirements_covered": true,
        │ coverage: "covered": [
        │ coverage: "H1",
        │ coverage: "H2",
        │ coverage: "H3",
        │ coverage: "H4"
        │ coverage: ],
        │ coverage: "uncovered": [],
        │ coverage: "coverage_fraction": 1.0,
        │ coverage: "per_requirement": {
        │ coverage: "H1": {
        │ coverage: "covered": true,
        │ coverage: "n_evidence": 2,
        │ coverage: "best_chunks": [
        │ coverage: "PMC12009809_6",
        │ coverage: "PMC12028424_11"
        │ coverage: ],
        │ coverage: "requirement": "Specific surgical repair techniques used for coar
        │ coverage:     ... [244 chars truncated] ...
        │ coverage:     ",
        │ coverage: "PMC12028424_11"
        │ coverage: ],
        │ coverage: "requirement": "Statistical significance (p-values) associated with recurrence for each technique or comparison."
        │ coverage: },
        │ coverage: "H4": {
        │ coverage: "covered": true,
        │ coverage: "n_evidence": 1,
        │ coverage: "best_chunks": [
        │ coverage: "PMC12009809_6"
        │ coverage: ],
        │ coverage: "requirement": "Percentages of recurrence for each technique or comparison."
        │ coverage: }
        │ coverage: }
        │ coverage: }
        │ evidence: [18 items: [{'chunk_id': 'PMC12009809_6', 'paper_id': 'PMC12009809', 'node_type': 'paragraph', 'final_score': 1.0, 'covered_requirements': ['H1', 'H2', 'H3', 'H4'], 'medcpt': {'H1': 0.0315, 'H2': 0.0292, 'H3': 0.0312, 'H4': 0.032}, 'penalties': {}, 'selection_reason': {'base': 1.0, 'new_requirements': ['H1', 'H2', 'H3', 'H4'], 'new_evid_type': True, 'new_paper': True, 'doc_penalty': 0.0, 'marginal': 1.26}}, {'chunk_id': 'PMC12028424_11', 'paper_id': 'PMC12028424', 'node_type': 'paragraph', 'final_score': 0.982, 'covered_requirements': ['H1', 'H3'], 'medcpt': {'H1': 0.0304, 'H3': 0.0304}, 'penalties': {}, 'selection_reason': {'base': 0.982, 'new_requirements': [], 'new_evid_type': False, 'new_paper': True, 'doc_penalty': 0.0, 'marginal': 1.022}}, {'chunk_id': 'PMC11743609_0', 'paper_id': 'PMC11743609', 'node_type': 'paragraph', 'final_score': 0.9664, 'covered_requirements': [], 'medcpt': {'H1': 0.0318, 'H2': 0.0275, 'H3': 0.032}, 'penalties': {}, 'selection_reason': {'base': 0.9664, 'new_requirements': [], 'new_evid_type': False, 'new_paper': True, 'doc_penalty': 0.0, 'marginal': 1.0064}}] ... [{'chunk_id': 'PMC11914319_12', 'paper_id': 'PMC11914319', 'node_type': 'paragraph', 'final_score': 0.9382, 'covered_requirements': [], 'medcpt': {'H4': 0.0308}, 'penalties': {}, 'selection_reason': {'base': 0.9382, 'new_requirements': [], 'new_evid_type': False, 'new_paper': False, 'doc_penalty': 0.25, 'marginal': 0.8507}}, {'chunk_id': 'PMC12014972_0', 'paper_id': 'PMC12014972', 'node_type': 'paragraph', 'final_score': 0.9361, 'covered_requirements': [], 'medcpt': {'H4': 0.0323}, 'penalties': {}, 'selection_reason': {'base': 0.9361, 'new_requirements': [], 'new_evid_type': False, 'new_paper': False, 'doc_penalty': 0.25, 'marginal': 0.8486}}]]
        └──────────────────────────────────────────────────────

====================================================================================================
END OF TRACE
====================================================================================================